
   An error occurred while sending the request.[0K
[0K[?25herror: cannot spawn rpostback-askpass: No such file or directory[0K[?25l
[0K[?25hUsername for 'https://github.com':[0K[36G[?25lUsername for 'https://github.com': p[0K[?25he[0Kd[0Ke[0Kr[0Ki[0Ks[0Ka[0Kg[0Ke[0Kr[0K[?25l
error: cannot spawn rpostback-askpass: No such file or directory[0K
[0K[?25hPassword for 'https://pederisager@github.com':[0K[48G[?25l
[0K[?25hCounting objects: 35, done.[0K[?25l
Delta compression using up to 4 threads.[0K
Compressing objects:  17% (5/29)[0K[1G[?25hCompressing objects: 100% (29/29), done.[0K[?25l
Writing objects: 100% (35/35), 15.45 KiB | 2.21 MiB/s, done.[0K
Total 35 (delta 18), reused 0 (delta 0)[0K
[0K[?25h[?25lremote: Resolving deltas:  22% (4/18)[0K[1G[?25hremote: Resolving deltas: 100% (18/18), completed with 18 local objects.[0K[?25l
[0K[?25hTo https://github.com/pederisager/personal_website.git[0K[?25l
   384dd1a..243eef1  master -> master[0K
[0K[?25h[?25l
[0;32m20176239@TUE004517 [0;35m [0;33m~/Dropbox/jobb/PhD/Projects/Personal_Puzzles/Blog/personal_website[0;36m (master)[0m[0K
$[0K[3G[?25h[0m[0K]0;[?25l
[0;32m20176239@TUE004517 [0;35m [0;33m~/Dropbox/jobb/PhD/Projects/Personal_Puzzles/Blog/personal_website[0;36m (master)[0m[0K
[?25l$ g[0K[?25h[?25li[0K[4G[?25h[5G[?25l$ git[0K[?25h[7G[?25l$ git s[0K[?25h[?25lt[0K[8G[?25h[9G[?25l$ git sta[0K[?25ht[0Ku[0Ks[0K[?25l
[0K[?25hOn branch master[0K[?25l
Changes not staged for commit:[0K
  (use "git add/rm <file>..." to update what will be committed)[0K
  (use "git checkout -- <file>..." to discard changes in working directory)[0K
[0K
        [0;31mmodified:   .RData[0m[0K
        [0;31mmodified:   .Rhistory[0m[0K
        [0;31mmodified:   .Rproj.user/F1A0FAC5/console06/515F2CB3[0m[0K
        [0;31mmodified:   .Rproj.user/F1A0FAC5/console06/INDEX001[0m[0K
        [0;31mmodified:   .Rproj.user/F1A0FAC5/pcs/workbench-pane.pper[0m[0K
        [0;31mmodified:   .Rproj.user/F1A0FAC5/rmd-outputs[0m[0K
        [0;31mmodified:   .Rproj.user/F1A0FAC5/sources/prop/44A03A40[0m[0K
        [0;31mmodified:   .Rproj.user/F1A0FAC5/sources/prop/D2F32523[0m[0K
        [0;31mmodified:   .Rproj.user/F1A0FAC5/sources/prop/INDEX[0m[0K
        [0;31mdeleted:    .Rproj.user/F1A0FAC5/sources/s-30C6C2D8/1509CDB6[0m[0K
        [0;31mdeleted:    .Rproj.user/F1A0FAC5/sources/s-30C6C2D8/1509CDB6-contents[0m[0K
        [0;31mdeleted:    .Rproj.user/F1A0FAC5/sources/s-30C6C2D8/206A87E[0m[0K
        [0;31mdeleted:    .Rproj.user/F1A0FAC5/sources/s-30C6C2D8/206A87E-contents[0m[0K
        [0;31mdeleted:    .Rproj.user/F1A0FAC5/sources/s-30C6C2D8/6A076980[0m[0K
        [0;31mdeleted:    .Rproj.user/F1A0FAC5/sources/s-30C6C2D8/6A076980-contents[0m[0K
        [0;31mdeleted:    .Rproj.user/F1A0FAC5/sources/s-30C6C2D8/8020EE3[0m[0K
        [0;31mdeleted:    .Rproj.user/F1A0FAC5/sources/s-30C6C2D8/8020EE3-contents[0m[0K
        [0;31mdeleted:    .Rproj.user/F1A0FAC5/sources/s-30C6C2D8/C455FBD2[0m[0K
        [0;31mdeleted:    .Rproj.user/F1A0FAC5/sources/s-30C6C2D8/C455FBD2-contents[0m[0K
        [0;31mdeleted:    .Rproj.user/F1A0FAC5/sources/s-30C6C2D8/ED4F3622-contents[0m[0K
        [0;31mdeleted:    .Rproj.user/F1A0FAC5/sources/s-30C6C2D8/lock_file[0m[0K
        [0;31mmodified:   .Rproj.user/shared/notebooks/322D1490-2018-06-09-what-to-replicate/1/s/chunks.json[0m[0K
        [0;31mmodified:   content/post/2018-06-09-what-to-replicate.Rmd[0m[0K
[0K
Untracked files:[0K
  (use "git add <file>..." to include in what will be committed)[0K
[0K
        [0;31m.gitignore[0m[0K
[0K
no changes added to commit (use "git add" and/or "git commit -a")[0K
[0K[?25h[?25l
[0;32m20176239@TUE004517 [0;35m [0;33m~/Dropbox/jobb/PhD/Projects/Personal_Puzzles/Blog/personal_website[0;36m (master)[0m[0K
$[0K[3G[?25h[?25l$ g[0K[?25hi[0Kt[0K[7G[6G[?25l$ gi[0K[?25h[?25l$ g[0K[?25h[?25l$[0K[3G[?25h[0m[0K]0;[?25l
[0;32m20176239@TUE004517 [0;35m [0;33m~/Dropbox/jobb/PhD/Projects/Personal_Puzzles/Blog/personal_website[0;36m (master)[0m[0K
[?25l$ g[0K[?25hi[0K[?25lt[0K[5G[?25h[6G[7G[?25l$ git r[0K[?25he[0Ks[0Ket[0K[13G[?25l$ git reset H[0K[?25hE[0KA[0KD[0K[18G[?25l$ git reset HEAD h[0K[?25ha[0Kr[0Kd[0K[23G[22G[?25l$ git reset HEAD har[0K[?25h[?25l$ git reset HEAD ha[0K[?25h[?25l$ git reset HEAD h[0K[?25h[?25l$ git reset HEAD[0K[18G[?25h[17G[?25l
[0K[?25hUnstaged changes after reset:[0K[?25l
M       .RData[0K
M       .Rhistory[0K
M       .Rproj.user/F1A0FAC5/console06/515F2CB3[0K
M       .Rproj.user/F1A0FAC5/console06/INDEX001[0K
M       .Rproj.user/F1A0FAC5/pcs/windowlayoutstate.pper[0K
M       .Rproj.user/F1A0FAC5/pcs/workbench-pane.pper[0K
M       .Rproj.user/F1A0FAC5/rmd-outputs[0K
M       .Rproj.user/F1A0FAC5/sources/prop/44A03A40[0K
M       .Rproj.user/F1A0FAC5/sources/prop/D2F32523[0K
M       .Rproj.user/F1A0FAC5/sources/prop/INDEX[0K
D       .Rproj.user/F1A0FAC5/sources/s-30C6C2D8/1509CDB6[0K
D       .Rproj.user/F1A0FAC5/sources/s-30C6C2D8/1509CDB6-contents[0K
D       .Rproj.user/F1A0FAC5/sources/s-30C6C2D8/206A87E[0K
D       .Rproj.user/F1A0FAC5/sources/s-30C6C2D8/206A87E-contents[0K
D       .Rproj.user/F1A0FAC5/sources/s-30C6C2D8/6A076980[0K
D       .Rproj.user/F1A0FAC5/sources/s-30C6C2D8/6A076980-contents[0K
D       .Rproj.user/F1A0FAC5/sources/s-30C6C2D8/8020EE3[0K
D       .Rproj.user/F1A0FAC5/sources/s-30C6C2D8/8020EE3-contents[0K
D       .Rproj.user/F1A0FAC5/sources/s-30C6C2D8/C455FBD2[0K
D       .Rproj.user/F1A0FAC5/sources/s-30C6C2D8/C455FBD2-contents[0K
D       .Rproj.user/F1A0FAC5/sources/s-30C6C2D8/ED4F3622-contents[0K
D       .Rproj.user/F1A0FAC5/sources/s-30C6C2D8/lock_file[0K
M       .Rproj.user/shared/notebooks/322D1490-2018-06-09-what-to-replicate/1/s/chunks.json[0K
M       content/post/2018-06-09-what-to-replicate.Rmd[0K
M       content/post/2018-06-09-what-to-replicate.html[0K
M       public/post/index.html[0K
M       public/project/example-external-project/index.html[0K
M       public/tags/academic/index.html[0K
[0K[?25h[?25l
[0;32m20176239@TUE004517 [0;35m [0;33m~/Dropbox/jobb/PhD/Projects/Personal_Puzzles/Blog/personal_website[0;36m (master)[0m[0K
$[0K[3G[?25h[?25l$ git reset HEAD[0K[?25h[16G[?25l$ git push origin master[0K[?25h[?25l$ git reset HEAD[0K[?25h[18G[17G[16G[15G[14G[13G[12G[11G[10G[9G[10G[11G[12G[13G[?25l$ git reset HEAD HEAD[0K[18G[?25h[?25l$ git reset HEADHEAD[0K[18G[?25h[17G[?25l$ git reset HEHEAD[0K[15G[?25h[?25l$ git reset HHEAD[0K[14G[?25h[?25l$ git reset HEAD[0K[13G[?25h[?25l$ git resetHEAD[0K[12G[?25h[?25l$ git reseHEAD[0K[11G[?25h[?25l$ git resHEAD[0K[10G[?25h[11G[12G[13G[14G[?25l$ git resHEA[0K[?25h[?25l$ git resHE[0K[?25h[?25l$ git resH[0K[?25h[?25l$ git res[0K[?25he[0Kt[0K[13G[?25l$ git reset -[0K[13G[?25h[14G[?25l$ git reset --[0K[?25hh[0Ke[0Kl[0Kp[0K[?25l
[0K[?25h[?25l
[0;32m20176239@TUE004517 [0;35m [0;33m~/Dropbox/jobb/PhD/Projects/Personal_Puzzles/Blog/personal_website[0;36m (master)[0m[0K
$[0K[3G[?25h[?25l$ g[0K[?25hi[0Kt[0K[7G[?25l$ git r[0K[?25he[0Ks[0Ke[0Ka[0Ktr[0K[?25l$ git reseat[0K[?25h[?25l$ git resea[0K[?25ht[0K[14G[13G[?25l$ git resea[0K[?25h[?25l$ git rese[0K[?25ht[0K[13G[?25l$ git reset H[0K[?25hE[0KA[0KD[0K[18G[?25l$ git reset HEAD h[0K[18G[?25h[19G[?25l$ git reset HEAD ha[0K[19G[?25h[20G[?25l$ git reset HEAD har[0K[?25hd[0K[?25l
[0K[?25hUnstaged changes after reset:[0K[?25l
M       .RData[0K
M       .Rhistory[0K
M       .Rproj.user/F1A0FAC5/console06/515F2CB3[0K
M       .Rproj.user/F1A0FAC5/console06/INDEX001[0K
M       .Rproj.user/F1A0FAC5/pcs/windowlayoutstate.pper[0K
M       .Rproj.user/F1A0FAC5/pcs/workbench-pane.pper[0K
M       .Rproj.user/F1A0FAC5/rmd-outputs[0K
M       .Rproj.user/F1A0FAC5/sources/prop/44A03A40[0K
M       .Rproj.user/F1A0FAC5/sources/prop/D2F32523[0K
M       .Rproj.user/F1A0FAC5/sources/prop/INDEX[0K
D       .Rproj.user/F1A0FAC5/sources/s-30C6C2D8/1509CDB6[0K
D       .Rproj.user/F1A0FAC5/sources/s-30C6C2D8/1509CDB6-contents[0K
D       .Rproj.user/F1A0FAC5/sources/s-30C6C2D8/206A87E[0K
D       .Rproj.user/F1A0FAC5/sources/s-30C6C2D8/206A87E-contents[0K
D       .Rproj.user/F1A0FAC5/sources/s-30C6C2D8/6A076980[0K
D       .Rproj.user/F1A0FAC5/sources/s-30C6C2D8/6A076980-contents[0K
D       .Rproj.user/F1A0FAC5/sources/s-30C6C2D8/8020EE3[0K
D       .Rproj.user/F1A0FAC5/sources/s-30C6C2D8/8020EE3-contents[0K
D       .Rproj.user/F1A0FAC5/sources/s-30C6C2D8/C455FBD2[0K
D       .Rproj.user/F1A0FAC5/sources/s-30C6C2D8/C455FBD2-contents[0K
D       .Rproj.user/F1A0FAC5/sources/s-30C6C2D8/ED4F3622-contents[0K
D       .Rproj.user/F1A0FAC5/sources/s-30C6C2D8/lock_file[0K
M       .Rproj.user/shared/notebooks/322D1490-2018-06-09-what-to-replicate/1/s/chunks.json[0K
M       content/post/2018-06-09-what-to-replicate.Rmd[0K
M       content/post/2018-06-09-what-to-replicate.html[0K
M       public/post/index.html[0K
M       public/project/example-external-project/index.html[0K
M       public/tags/academic/index.html[0K
[0K[?25h[?25l
[0;32m20176239@TUE004517 [0;35m [0;33m~/Dropbox/jobb/PhD/Projects/Personal_Puzzles/Blog/personal_website[0;36m (master)[0m[0K
$[0K[3G[?25h[?25l$ g[0K[?25hi[0Kt[0K[7G[?25l$ git s[0K[?25ht[0Ka[0K[?25lt[0K[10G[?25h[11G[?25l$ git statu[0K[11G[?25h[?25l$ git statuy[0K[?25hs[0K[?25l$ git statuy[0K[?25h[?25l$ git statu[0K[?25hs[0K[?25l
[0K[?25hOn branch master[0K[?25l
Changes not staged for commit:[0K
  (use "git add/rm <file>..." to update what will be committed)[0K
  (use "git checkout -- <file>..." to discard changes in working directory)[0K
[0K
        [0;31mmodified:   .RData[0m[0K
        [0;31mmodified:   .Rhistory[0m[0K
        [0;31mmodified:   .Rproj.user/F1A0FAC5/console06/515F2CB3[0m[0K
        [0;31mmodified:   .Rproj.user/F1A0FAC5/console06/INDEX001[0m[0K
        [0;31mmodified:   .Rproj.user/F1A0FAC5/pcs/windowlayoutstate.pper[0m[0K
        [0;31mmodified:   .Rproj.user/F1A0FAC5/pcs/workbench-pane.pper[0m[0K
        [0;31mmodified:   .Rproj.user/F1A0FAC5/rmd-outputs[0m[0K
        [0;31mmodified:   .Rproj.user/F1A0FAC5/sources/prop/44A03A40[0m[0K
        [0;31mmodified:   .Rproj.user/F1A0FAC5/sources/prop/D2F32523[0m[0K
        [0;31mmodified:   .Rproj.user/F1A0FAC5/sources/prop/INDEX[0m[0K
        [0;31mdeleted:    .Rproj.user/F1A0FAC5/sources/s-30C6C2D8/1509CDB6[0m[0K
        [0;31mdeleted:    .Rproj.user/F1A0FAC5/sources/s-30C6C2D8/1509CDB6-contents[0m[0K
        [0;31mdeleted:    .Rproj.user/F1A0FAC5/sources/s-30C6C2D8/206A87E[0m[0K
        [0;31mdeleted:    .Rproj.user/F1A0FAC5/sources/s-30C6C2D8/206A87E-contents[0m[0K
        [0;31mdeleted:    .Rproj.user/F1A0FAC5/sources/s-30C6C2D8/6A076980[0m[0K
        [0;31mdeleted:    .Rproj.user/F1A0FAC5/sources/s-30C6C2D8/6A076980-contents[0m[0K
        [0;31mdeleted:    .Rproj.user/F1A0FAC5/sources/s-30C6C2D8/8020EE3[0m[0K
        [0;31mdeleted:    .Rproj.user/F1A0FAC5/sources/s-30C6C2D8/8020EE3-contents[0m[0K
        [0;31mdeleted:    .Rproj.user/F1A0FAC5/sources/s-30C6C2D8/C455FBD2[0m[0K
        [0;31mdeleted:    .Rproj.user/F1A0FAC5/sources/s-30C6C2D8/C455FBD2-contents[0m[0K
        [0;31mdeleted:    .Rproj.user/F1A0FAC5/sources/s-30C6C2D8/ED4F3622-contents[0m[0K
        [0;31mdeleted:    .Rproj.user/F1A0FAC5/sources/s-30C6C2D8/lock_file[0m[0K
        [0;31mmodified:   .Rproj.user/shared/notebooks/322D1490-2018-06-09-what-to-replicate/1/s/chunks.json[0m[0K
        [0;31mmodified:   content/post/2018-06-09-what-to-replicate.Rmd[0m[0K
        [0;31mmodified:   content/post/2018-06-09-what-to-replicate.html[0m[0K
        [0;31mmodified:   public/post/index.html[0m[0K
        [0;31mmodified:   public/project/example-external-project/index.html[0m[0K
        [0;31mmodified:   public/tags/academic/index.html[0m[0K
[0K
Untracked files:[0K
  (use "git add <file>..." to include in what will be committed)[0K
[0K
        [0;31m.gitignore[0m[0K
[0K
no changes added to commit (use "git add" and/or "git commit -a")[0K
[0K[?25h[?25l
[0;32m20176239@TUE004517 [0;35m [0;33m~/Dropbox/jobb/PhD/Projects/Personal_Puzzles/Blog/personal_website[0;36m (master)[0m[0K
$[0K[3G[?25h[?25l$ g[0K[3G[?25h[4G[?25l$ gi[0K[4G[?25h[5G[?25l$ git[0K[?25h[7G[?25l$ git c[0K[?25hh[0Ke[0Kc[0K[?25lk[0K[11G[?25h[12G[?25l$ git checkout[0K[16G[?25h[?25l$ git checkout -[0K[?25h[?25l-[0K[17G[?25h[18G[?25l$ git checkout -[0K[18G[?25h[17G[?25l$ git checkout[0K[16G[?25h[?25l$ git checkout H[0K[?25hE[0KA[0KD[0K[21G[?25l$ git checkout HEAD -[0K[?25h-[0K[24G[?25l$ git checkout HEAD -- 2[0K[24G[?25h[25G[?25l$ git checkout HEAD -- 20[0K[?25h1[0K8[0K[?25l$ git checkout HEAD -- 201[0K[?25h[?25l$ git checkout HEAD -- 20[0K[?25h[?25l$ git checkout HEAD -- 2[0K[?25h[?25l$ git checkout HEAD --[0K[24G[?25h[?25l$ git checkout HEAD -- c[0K[?25ho[0Kn[0Kt[0Kent/[0K[?25lp[0K[32G[?25h[33G[?25l$ git checkout HEAD -- content/po[0K[?25hst/[0K2[0K0[0K1[0K8[0K-06-09-what-to-replicate.[0KR[0Km[0Kd[0K[?25l
[0K[?25h[?25l
[0;32m20176239@TUE004517 [0;35m [0;33m~/Dropbox/jobb/PhD/Projects/Personal_Puzzles/Blog/personal_website[0;36m (master)[0m[0K
$[0K[3G[?25h[?25l$ g[0K[?25hi[0Kt[0K[7G[?25l$ git r[0K[7G[?25h[8G[?25l$ git re[0K[?25hm[0Ko[0Kt[0Ke[0K[14G[?25l$ git remote -[0K[?25h[?25lv[0K[15G[?25h[16G[?25l
[0K[?25horigin  https://github.com/pederisager/personal_website.git (fetch)[0K[?25l
origin  https://github.com/pederisager/personal_website.git (push)[0K
[0K[?25h[?25l
[0;32m20176239@TUE004517 [0;35m [0;33m~/Dropbox/jobb/PhD/Projects/Personal_Puzzles/Blog/personal_website[0;36m (master)[0m[0K
$[0K[3G[?25h[?25l$ g[0K[?25hi[0Kt[0K[7G[?25l$ git p[0K[?25hu[0K[?25ls[0K[9G[?25h[10G[?25l$ git push[0K[?25h[?25l$ git pus[0K[?25h[?25l$ git pu[0K[?25h[?25l$ git p[0K[?25h[?25l$ git[0K[7G[?25h[?25l$ git a[0K[7G[?25h[8G[?25l$ git ad[0K[?25hd[0K[11G[10G[?25l$ git ad[0K[?25h[?25l$ git a[0K[?25h[?25l$ git[0K[7G[?25h[6G[?25l$ gi[0K[?25h[?25l$ g[0K[?25h[?25l$[0K[3G[?25h[?25l$ g[0K[?25hi[0Kt[0K[7G[?25l$ git s[0K[7G[?25h[8G[?25l$ git st[0K[?25ha[0Kt[0Ku[0K[?25ls[0K[12G[?25h[13G[?25l
[0K[?25hOn branch master[0K[?25l
Changes not staged for commit:[0K
  (use "git add/rm <file>..." to update what will be committed)[0K
  (use "git checkout -- <file>..." to discard changes in working directory)[0K
[0K
        [0;31mmodified:   .RData[0m[0K
        [0;31mmodified:   .Rhistory[0m[0K
        [0;31mmodified:   .Rproj.user/F1A0FAC5/console06/515F2CB3[0m[0K
        [0;31mmodified:   .Rproj.user/F1A0FAC5/console06/INDEX001[0m[0K
        [0;31mmodified:   .Rproj.user/F1A0FAC5/pcs/windowlayoutstate.pper[0m[0K
        [0;31mmodified:   .Rproj.user/F1A0FAC5/pcs/workbench-pane.pper[0m[0K
        [0;31mmodified:   .Rproj.user/F1A0FAC5/rmd-outputs[0m[0K
        [0;31mmodified:   .Rproj.user/F1A0FAC5/sources/prop/44A03A40[0m[0K
        [0;31mmodified:   .Rproj.user/F1A0FAC5/sources/prop/D2F32523[0m[0K
        [0;31mmodified:   .Rproj.user/F1A0FAC5/sources/prop/INDEX[0m[0K
        [0;31mdeleted:    .Rproj.user/F1A0FAC5/sources/s-30C6C2D8/1509CDB6[0m[0K
        [0;31mdeleted:    .Rproj.user/F1A0FAC5/sources/s-30C6C2D8/1509CDB6-contents[0m[0K
        [0;31mdeleted:    .Rproj.user/F1A0FAC5/sources/s-30C6C2D8/206A87E[0m[0K
        [0;31mdeleted:    .Rproj.user/F1A0FAC5/sources/s-30C6C2D8/206A87E-contents[0m[0K
        [0;31mdeleted:    .Rproj.user/F1A0FAC5/sources/s-30C6C2D8/6A076980[0m[0K
        [0;31mdeleted:    .Rproj.user/F1A0FAC5/sources/s-30C6C2D8/6A076980-contents[0m[0K
        [0;31mdeleted:    .Rproj.user/F1A0FAC5/sources/s-30C6C2D8/8020EE3[0m[0K
        [0;31mdeleted:    .Rproj.user/F1A0FAC5/sources/s-30C6C2D8/8020EE3-contents[0m[0K
        [0;31mdeleted:    .Rproj.user/F1A0FAC5/sources/s-30C6C2D8/C455FBD2[0m[0K
        [0;31mdeleted:    .Rproj.user/F1A0FAC5/sources/s-30C6C2D8/C455FBD2-contents[0m[0K
        [0;31mdeleted:    .Rproj.user/F1A0FAC5/sources/s-30C6C2D8/ED4F3622-contents[0m[0K
        [0;31mdeleted:    .Rproj.user/F1A0FAC5/sources/s-30C6C2D8/lock_file[0m[0K
        [0;31mdeleted:    .Rproj.user/shared/notebooks/322D1490-2018-06-09-what-to-replicate/1/s/c18g71s5dg6rw/000013.met[0Ka
data[0m[0K
        [0;31mdeleted:    .Rproj.user/shared/notebooks/322D1490-2018-06-09-what-to-replicate/1/s/c18g71s5dg6rw/000013.png[0m[0K
        [0;31mmodified:   .Rproj.user/shared/notebooks/322D1490-2018-06-09-what-to-replicate/1/s/chunks.json[0m[0K
        [0;31mmodified:   content/post/2018-06-09-what-to-replicate.Rmd[0m[0K
        [0;31mmodified:   content/post/2018-06-09-what-to-replicate.html[0m[0K
        [0;31mmodified:   public/index.xml[0m[0K
        [0;31mmodified:   public/post/what-to-replicate/index.html[0m[0K
[0K
Untracked files:[0K
  (use "git add <file>..." to include in what will be committed)[0K
[0K
        [0;31m.gitignore[0m[0K
[0K
no changes added to commit (use "git add" and/or "git commit -a")[0K
[0K[?25h[?25l
[0;32m20176239@TUE004517 [0;35m [0;33m~/Dropbox/jobb/PhD/Projects/Personal_Puzzles/Blog/personal_website[0;36m (master)[0m[0K
$[0K[3G[?25h[?25l$ g[0K[?25hi[0Kt[0K[7G[?25l$ git a[0K[?25hd[0Kd[0K[11G[?25l$ git add .[0K[?25h[?25l
[0K[?25hwarning: LF will be replaced by CRLF in .Rhistory.[0K[?25l
The file will have its original line endings in your working directory.[0K
[0K[?25hwarning: LF will be replaced by CRLF in .Rproj.user/F1A0FAC5/pcs/windowlayoutstate.pper.[0K[?25l
The file will have its original line endings in your working directory.[0K
warning: LF will be replaced by CRLF in .Rproj.user/F1A0FAC5/pcs/workbench-pane.pper.[0K
The file will have its original line endings in your working directory.[0K
warning: LF will be replaced by CRLF in .Rproj.user/F1A0FAC5/rmd-outputs.[0K
The file will have its original line endings in your working directory.[0K
[0K[?25hwarning: LF will be replaced by CRLF in .Rproj.user/F1A0FAC5/sources/prop/44A03A40.[0K[?25l
The file will have its original line endings in your working directory.[0K
warning: LF will be replaced by CRLF in .Rproj.user/F1A0FAC5/sources/prop/D2F32523.[0K
The file will have its original line endings in your working directory.[0K
warning: LF will be replaced by CRLF in .Rproj.user/F1A0FAC5/sources/prop/INDEX.[0K
The file will have its original line endings in your working directory.[0K
[0K[?25hwarning: LF will be replaced by CRLF in public/index.xml.[0K[?25l
The file will have its original line endings in your working directory.[0K
[0K[?25h[?25l
[0;32m20176239@TUE004517 [0;35m [0;33m~/Dropbox/jobb/PhD/Projects/Personal_Puzzles/Blog/personal_website[0;36m (master)[0m[0K
$[0K[3G[?25h[?25l$ g[0K[?25hi[0Kt[0K[7G[?25l$ git s[0K[?25ht[0Ka[0Kt[0Ku[0Ks[0K[?25l
[0K[?25hOn branch master[0K[?25l
Changes to be committed:[0K
  (use "git reset HEAD <file>..." to unstage)[0K
[0K
        [0;32mmodified:   .RData[0m[0K
        [0;32mmodified:   .Rhistory[0m[0K
        [0;32mmodified:   .Rproj.user/F1A0FAC5/console06/515F2CB3[0m[0K
        [0;32mmodified:   .Rproj.user/F1A0FAC5/console06/INDEX001[0m[0K
        [0;32mmodified:   .Rproj.user/F1A0FAC5/pcs/windowlayoutstate.pper[0m[0K
        [0;32mmodified:   .Rproj.user/F1A0FAC5/pcs/workbench-pane.pper[0m[0K
        [0;32mmodified:   .Rproj.user/F1A0FAC5/rmd-outputs[0m[0K
        [0;32mmodified:   .Rproj.user/F1A0FAC5/sources/prop/44A03A40[0m[0K
        [0;32mmodified:   .Rproj.user/F1A0FAC5/sources/prop/D2F32523[0m[0K
        [0;32mmodified:   .Rproj.user/F1A0FAC5/sources/prop/INDEX[0m[0K
        [0;32mdeleted:    .Rproj.user/F1A0FAC5/sources/s-30C6C2D8/1509CDB6[0m[0K
        [0;32mdeleted:    .Rproj.user/F1A0FAC5/sources/s-30C6C2D8/1509CDB6-contents[0m[0K
        [0;32mdeleted:    .Rproj.user/F1A0FAC5/sources/s-30C6C2D8/206A87E[0m[0K
        [0;32mdeleted:    .Rproj.user/F1A0FAC5/sources/s-30C6C2D8/206A87E-contents[0m[0K
        [0;32mdeleted:    .Rproj.user/F1A0FAC5/sources/s-30C6C2D8/6A076980[0m[0K
        [0;32mdeleted:    .Rproj.user/F1A0FAC5/sources/s-30C6C2D8/6A076980-contents[0m[0K
        [0;32mdeleted:    .Rproj.user/F1A0FAC5/sources/s-30C6C2D8/8020EE3[0m[0K
        [0;32mdeleted:    .Rproj.user/F1A0FAC5/sources/s-30C6C2D8/8020EE3-contents[0m[0K
        [0;32mdeleted:    .Rproj.user/F1A0FAC5/sources/s-30C6C2D8/C455FBD2[0m[0K
        [0;32mdeleted:    .Rproj.user/F1A0FAC5/sources/s-30C6C2D8/C455FBD2-contents[0m[0K
        [0;32mdeleted:    .Rproj.user/F1A0FAC5/sources/s-30C6C2D8/ED4F3622-contents[0m[0K
        [0;32mdeleted:    .Rproj.user/F1A0FAC5/sources/s-30C6C2D8/lock_file[0m[0K
        [0;32mdeleted:    .Rproj.user/shared/notebooks/322D1490-2018-06-09-what-to-replicate/1/s/c18g71s5dg6rw/000013.met[0Ka
data[0m[0K
        [0;32mdeleted:    .Rproj.user/shared/notebooks/322D1490-2018-06-09-what-to-replicate/1/s/c18g71s5dg6rw/000013.png[0m[0K
        [0;32mmodified:   .Rproj.user/shared/notebooks/322D1490-2018-06-09-what-to-replicate/1/s/chunks.json[0m[0K
        [0;32mnew file:   .gitignore[0m[0K
        [0;32mmodified:   content/post/2018-06-09-what-to-replicate.Rmd[0m[0K
        [0;32mmodified:   content/post/2018-06-09-what-to-replicate.html[0m[0K
        [0;32mmodified:   public/index.xml[0m[0K
        [0;32mmodified:   public/post/what-to-replicate/index.html[0m[0K
[0K
Changes not staged for commit:[0K
  (use "git add <file>..." to update what will be committed)[0K
  (use "git checkout -- <file>..." to discard changes in working directory)[0K
[0K
        [0;31mmodified:   .Rproj.user/F1A0FAC5/console06/515F2CB3[0m[0K
[0K
[0K[?25h[?25l
[0;32m20176239@TUE004517 [0;35m [0;33m~/Dropbox/jobb/PhD/Projects/Personal_Puzzles/Blog/personal_website[0;36m (master)[0m[0K
$[0K[3G[?25h[?25l$ g[0K[?25hi[0K[6G[5G[?25l$ git[0K[?25h[7G[?25l$ git c[0K[?25hm[0Km[0Ki[0Kt[0K[13G[12G[?25l$ git cmmi[0K[?25h[?25l$ git cmm[0K[?25h[?25l$ git cm[0K[?25h[?25l$ git c[0K[?25ho[0Km[0K[?25lm[0K[10G[?25h[11G[?25l$ git commi[0K[?25ht[0K[14G[?25l$ git commit "[0K[?25h[?25l$ git commit[0K[14G[?25h[?25l$ git commit -[0K[?25hm[0K[17G[?25l$ git commit -m ""[0K[?25h[18G[?25l$ git commit -m "a"[0K[19G[?25h[?25l$ git commit -m "ad"[0K[20G[?25h[?25l$ git commit -m "add"[0K[21G[?25h[?25l$ git commit -m "adde"[0K[22G[?25h[?25l$ git commit -m "added"[0K[23G[?25h[?25l$ git commit -m "added "[0K[24G[?25h[?25l$ git commit -m "added l"[0K[24G[?25h[25G[?25l$ git commit -m "added li"[0K[26G[?25h[?25l$ git commit -m "added lin"[0K[27G[?25h[?25l$ git commit -m "added link"[0K[28G[?25h[?25l$ git commit -m "added link "[0K[28G[?25h[29G[?25l$ git commit -m "added link t"[0K[30G[?25h[?25l$ git commit -m "added link to"[0K[31G[?25h[?25l$ git commit -m "added link to "[0K[32G[?25h[?25l$ git commit -m "added link to"[0K[31G[?25h[?25l$ git commit -m "added link t"[0K[30G[?25h[?25l$ git commit -m "added link "[0K[29G[?25h[?25l$ git commit -m "added link"[0K[28G[?25h[?25l$ git commit -m "added lin"[0K[27G[?25h[?25l$ git commit -m "added li"[0K[26G[?25h[?25l$ git commit -m "added l"[0K[25G[?25h[?25l$ git commit -m "added"[0K[23G[?25h[?25l$ git commit -m "adde"[0K[?25h[?25l$ git commit -m "add"[0K[?25h[20G[?25l$ git commit -m "a"[0K[?25h[?25l$ git commit -m ""[0K[?25h[18G[?25l$ git commit -m "[0K[17G[?25h[?25l$ git commit -m ""[0K[18G[?25h[?25l$ git commit -m "i"[0K[19G[?25h[?25l$ git commit -m "in"[0K[20G[?25h[?25l$ git commit -m "in "[0K[20G[?25h[21G[?25l$ git commit -m "in p"[0K[22G[?25h[?25l$ git commit -m "in po"[0K[22G[?25h[23G[?25l$ git commit -m "in pos"[0K[24G[?25h[?25l$ git commit -m "in post"[0K[25G[?25h[?25l$ git commit -m "in post "[0K[26G[?25h[?25l$ git commit -m "in post w"[0K[27G[?25h[?25l$ git commit -m "in post wh"[0K[28G[?25h[?25l$ git commit -m "in post wha"[0K[29G[?25h[?25l$ git commit -m "in post what"[0K[30G[?25h[?25l$ git commit -m "in post what_"[0K[31G[?25h[?25l$ git commit -m "in post what_t"[0K[32G[?25h[?25l$ git commit -m "in post what_to"[0K[33G[?25h[?25l$ git commit -m "in post what_to_"[0K[34G[?25h[?25l$ git commit -m "in post what_to_r"[0K[35G[?25h[?25l$ git commit -m "in post what_to_re"[0K[36G[?25h[?25l$ git commit -m "in post what_to_rep"[0K[37G[?25h[?25l$ git commit -m "in post what_to_repl"[0K[37G[?25h[38G[?25l$ git commit -m "in post what_to_repli"[0K[39G[?25h[?25l$ git commit -m "in post what_to_replic"[0K[40G[?25h[?25l$ git commit -m "in post what_to_replica"[0K[41G[?25h[?25l$ git commit -m "in post what_to_replicat"[0K[42G[?25h[?25l$ git commit -m "in post what_to_replicate"[0K[43G[?25h[?25l$ git commit -m "in post what_to_replicate:"[0K[44G[?25h[?25l$ git commit -m "in post what_to_replicate: "[0K[44G[?25h[45G[?25l$ git commit -m "in post what_to_replicate: A"[0K[46G[?25h[?25l$ git commit -m "in post what_to_replicate: Ad"[0K[47G[?25h[?25l$ git commit -m "in post what_to_replicate: Add"[0K[48G[?25h[?25l$ git commit -m "in post what_to_replicate: Adde"[0K[49G[?25h[?25l$ git commit -m "in post what_to_replicate: Added"[0K[?25h[50G[?25l$ git commit -m "in post what_to_replicate: Added "[0K[51G[?25h[?25l$ git commit -m "in post what_to_replicate: Added l"[0K[52G[?25h[?25l$ git commit -m "in post what_to_replicate: Added li"[0K[52G[?25h[53G[?25l$ git commit -m "in post what_to_replicate: Added lin"[0K[54G[?25h[?25l$ git commit -m "in post what_to_replicate: Added link"[0K[55G[?25h[?25l$ git commit -m "in post what_to_replicate: Added link "[0K[56G[?25h[?25l$ git commit -m "in post what_to_replicate: Added link t"[0K[57G[?25h[?25l$ git commit -m "in post what_to_replicate: Added link to"[0K[58G[?25h[?25l$ git commit -m "in post what_to_replicate: Added link to "[0K[59G[?25h[?25l$ git commit -m "in post what_to_replicate: Added link to z"[0K[60G[?25h[?25l$ git commit -m "in post what_to_replicate: Added link to ze"[0K[61G[?25h[?25l$ git commit -m "in post what_to_replicate: Added link to zen"[0K[62G[?25h[?25l$ git commit -m "in post what_to_replicate: Added link to zeno"[0K[63G[?25h[?25l$ git commit -m "in post what_to_replicate: Added link to zenod"[0K[64G[?25h[?25l$ git commit -m "in post what_to_replicate: Added link to zenodo"[0K[65G[?25h[?25l$ git commit -m "in post what_to_replicate: Added link to zenodo "[0K[65G[?25h[66G[?25l$ git commit -m "in post what_to_replicate: Added link to zenodo r"[0K[67G[?25h[?25l$ git commit -m "in post what_to_replicate: Added link to zenodo re"[0K[67G[?25h[68G[?25l$ git commit -m "in post what_to_replicate: Added link to zenodo reg"[0K[69G[?25h[?25l$ git commit -m "in post what_to_replicate: Added link to zenodo regi"[0K[70G[?25h[?25l$ git commit -m "in post what_to_replicate: Added link to zenodo regis"[0K[71G[?25h[?25l$ git commit -m "in post what_to_replicate: Added link to zenodo regist"[0K[72G[?25h[?25l$ git commit -m "in post what_to_replicate: Added link to zenodo registr"[0K[73G[?25h[?25l$ git commit -m "in post what_to_replicate: Added link to zenodo registra"[0K[74G[?25h[?25l$ git commit -m "in post what_to_replicate: Added link to zenodo registrat"[0K[75G[?25h[?25l$ git commit -m "in post what_to_replicate: Added link to zenodo registrati"[0K[76G[?25h[?25l$ git commit -m "in post what_to_replicate: Added link to zenodo registratio"[0K[77G[?25h[?25l$ git commit -m "in post what_to_replicate: Added link to zenodo registration"[0K[78G[?25h[?25l
[0K[?25h[master b777cbd] in post what_to_replicate: Added link to zenodo registration[0K[?25l
 Committer: Isager <p.isager@tue.nl>[0K
Your name and email address were configured automatically based[0K
on your username and hostname. Please check that they are accurate.[0K
You can suppress this message by setting them explicitly. Run the[0K
following command and follow the instructions in your editor to edit[0K
your configuration file:[0K
[0K
    git config --global --edit[0K
[0K
After doing this, you may fix the identity used for this commit with:[0K
[0K
    git commit --amend --reset-author[0K
[0K
 30 files changed, 539 insertions(+), 768 deletions(-)[0K
 rewrite .RData (85%)[0K
 delete mode 100644 .Rproj.user/F1A0FAC5/sources/s-30C6C2D8/1509CDB6[0K
 delete mode 100644 .Rproj.user/F1A0FAC5/sources/s-30C6C2D8/1509CDB6-contents[0K
 delete mode 100644 .Rproj.user/F1A0FAC5/sources/s-30C6C2D8/206A87E[0K
 delete mode 100644 .Rproj.user/F1A0FAC5/sources/s-30C6C2D8/206A87E-contents[0K
 delete mode 100644 .Rproj.user/F1A0FAC5/sources/s-30C6C2D8/6A076980[0K
 delete mode 100644 .Rproj.user/F1A0FAC5/sources/s-30C6C2D8/6A076980-contents[0K
 delete mode 100644 .Rproj.user/F1A0FAC5/sources/s-30C6C2D8/8020EE3[0K
 delete mode 100644 .Rproj.user/F1A0FAC5/sources/s-30C6C2D8/8020EE3-contents[0K
 delete mode 100644 .Rproj.user/F1A0FAC5/sources/s-30C6C2D8/C455FBD2[0K
 delete mode 100644 .Rproj.user/F1A0FAC5/sources/s-30C6C2D8/C455FBD2-contents[0K
 delete mode 100644 .Rproj.user/F1A0FAC5/sources/s-30C6C2D8/ED4F3622-contents[0K
 delete mode 100644 .Rproj.user/F1A0FAC5/sources/s-30C6C2D8/lock_file[0K
 delete mode 100644 .Rproj.user/shared/notebooks/322D1490-2018-06-09-what-to-replicate/1/s/c18g71s5dg6rw/000013.met[0Ka
data[0K
 delete mode 100644 .Rproj.user/shared/notebooks/322D1490-2018-06-09-what-to-replicate/1/s/c18g71s5dg6rw/000013.png[0K
 rewrite .Rproj.user/shared/notebooks/322D1490-2018-06-09-what-to-replicate/1/s/chunks.json (100%)[0K
 create mode 100644 .gitignore[0K
[0K[?25h[?25l
[0;32m20176239@TUE004517 [0;35m [0;33m~/Dropbox/jobb/PhD/Projects/Personal_Puzzles/Blog/personal_website[0;36m (master)[0m[0K
$[0K[3G[?25h[?25l$ g[0K[?25hi[0K[?25lt[0K[5G[?25h[?25l$ gitr[0K[?25h[8G[7G[?25l$ git[0K[?25h[7G[?25l$ git p[0K[?25hu[0Ks[0Kh[0K[12G[?25l$ git push o[0K[?25h[?25lt[0K[13G[?25h[14G[?25l$ git push o[0K[14G[?25h[13G[?25l$ git push or[0K[13G[?25h[14G[?25l$ git push ori[0K[?25hg[0Ki[0Kn[0K[19G[?25l$ git push origin m[0K[?25ha[0Ks[0Kt[0Ke[0Kr[0K[?25l
[0K[?25hfatal: HttpRequestException encountered.[0K[?25l
   An error occurred while sending the request.[0K
[0K[?25herror: cannot spawn rpostback-askpass: No such file or directory[0K[?25l
[0K[?25hUsername for 'https://github.com':[0K[36G[?25lUsername for 'https://github.com': p[0K[?25he[0Kd[0Ke[0Kr[0Ki[0Ks[0Ka[0Kg[0Ke[0Kr[0K[?25l
[0K[?25herror: cannot spawn rpostback-askpass: No such file or directory[0K[?25l
[0K[?25hPassword for 'https://pederisager@github.com':[0K[48G[?25l
[0K[?25hCounting objects: 34, done.[0K[?25l
Delta compression using up to 4 threads.[0K
Compressing objects:  85% (24/28)[0K[1G[?25hCompressing objects: 100% (28/28), done.[0K[?25l
Writing objects:   5% (2/34)[0K[1G[?25h[?25lWriting objects:   5% (2/34), 984.00 KiB | 468.00 KiB/s[0K[1G[?25hWriting objects: 100% (34/34), 1.10 MiB | 476.00 KiB/s, done.[0K[?25l
Total 34 (delta 16), reused 0 (delta 0)[0K
[0K[?25h[?25lremote: Resolving deltas:  81% (13/16)[0K[1G[?25hremote: Resolving deltas: 100% (16/16), completed with 16 local objects.[0K[?25l
[0K[?25hTo https://github.com/pederisager/personal_website.git[0K[?25l
   243eef1..b777cbd  master -> master[0K
[0K[?25h[?25l
[0;32m20176239@TUE004517 [0;35m [0;33m~/Dropbox/jobb/PhD/Projects/Personal_Puzzles/Blog/personal_website[0;36m (master)[0m[0K
$[0K[3G[?25h[0m[0K]0;[?25l
[0;32m20176239@TUE004517 [0;35m [0;33m~/Dropbox/jobb/PhD/Projects/Personal_Puzzles/Blog/personal_website[0;36m (master)[0m[0K
[?25l[1A[0;32m20176239@TUE004517 [0;35m [0;33m~/Dropbox/jobb/PhD/Projects/Personal_Puzzles/Blog/personal_website[0;36m (master)[0K
[0m$[0K[3G[?25h[?25l$ g[0K[?25hi[0Kt[0K[7G[?25l$ git s[0K[?25ht[0Ka[0K[?25lt[0K[10G[?25h[11G[?25l$ git statu[0K[?25hs[0K[?25l
[0K[?25hOn branch master[0K[?25l
Changes not staged for commit:[0K
  (use "git add <file>..." to update what will be committed)[0K
  (use "git checkout -- <file>..." to discard changes in working directory)[0K
[0K
        [0;31mmodified:   .RData[0m[0K
        [0;31mmodified:   .Rhistory[0m[0K
        [0;31mmodified:   .Rproj.user/F1A0FAC5/console06/515F2CB3[0m[0K
        [0;31mmodified:   .Rproj.user/F1A0FAC5/console06/INDEX001[0m[0K
        [0;31mmodified:   .Rproj.user/F1A0FAC5/pcs/source-pane.pper[0m[0K
        [0;31mmodified:   .Rproj.user/F1A0FAC5/pcs/windowlayoutstate.pper[0m[0K
        [0;31mmodified:   .Rproj.user/F1A0FAC5/pcs/workbench-pane.pper[0m[0K
        [0;31mmodified:   .Rproj.user/F1A0FAC5/rmd-outputs[0m[0K
        [0;31mmodified:   .Rproj.user/F1A0FAC5/saved_source_markers[0m[0K
        [0;31mmodified:   .Rproj.user/F1A0FAC5/sources/prop/44A03A40[0m[0K
        [0;31mmodified:   config.toml[0m[0K
        [0;31mmodified:   public/404.html[0m[0K
        [0;31mmodified:   public/categories/index.html[0m[0K
        [0;31mmodified:   public/index.html[0m[0K
        [0;31mmodified:   public/post/index.html[0m[0K
        [0;31mmodified:   public/post/what-to-replicate/index.html[0m[0K
        [0;31mmodified:   public/project/deep-learning/index.html[0m[0K
        [0;31mmodified:   public/project/example-external-project/index.html[0m[0K
        [0;31mmodified:   public/publication/clothing-search/index.html[0m[0K
        [0;31mmodified:   public/publication/index.html[0m[0K
        [0;31mmodified:   public/publication/person-re-identification/index.html[0m[0K
        [0;31mmodified:   public/publication_types/1/index.html[0m[0K
        [0;31mmodified:   public/publication_types/2/index.html[0m[0K
        [0;31mmodified:   public/publication_types/index.html[0m[0K
        [0;31mmodified:   public/tags/academic/index.html[0m[0K
        [0;31mmodified:   public/tags/deep-learning/index.html[0m[0K
        [0;31mmodified:   public/tags/demo/index.html[0m[0K
        [0;31mmodified:   public/tags/index.html[0m[0K
        [0;31mmodified:   public/tags/replication/index.html[0m[0K
        [0;31mmodified:   public/talk/example-talk/index.html[0m[0K
        [0;31mmodified:   public/talk/index.html[0m[0K
[0K
no changes added to commit (use "git add" and/or "git commit -a")[0K
[0K[?25h[?25l
[0;32m20176239@TUE004517 [0;35m [0;33m~/Dropbox/jobb/PhD/Projects/Personal_Puzzles/Blog/personal_website[0;36m (master)[0m[0K
$[0K[3G[?25h[?25l$ g[0K[?25hi[0K[?25lt[0K[5G[?25h[6G[7G[?25l$ git a[0K[?25hd[0Kd[0K[11G[?25l$ git add .[0K[?25h[?25l
[0K[?25hwarning: LF will be replaced by CRLF in .Rhistory.[0K[?25l
The file will have its original line endings in your working directory.[0K
[0K[?25hwarning: LF will be replaced by CRLF in .Rproj.user/F1A0FAC5/pcs/source-pane.pper.[0K[?25l
The file will have its original line endings in your working directory.[0K
[0K[?25hwarning: LF will be replaced by CRLF in .Rproj.user/F1A0FAC5/pcs/windowlayoutstate.pper.[0K[?25l
The file will have its original line endings in your working directory.[0K
warning: LF will be replaced by CRLF in .Rproj.user/F1A0FAC5/pcs/workbench-pane.pper.[0K
The file will have its original line endings in your working directory.[0K
warning: LF will be replaced by CRLF in .Rproj.user/F1A0FAC5/rmd-outputs.[0K
The file will have its original line endings in your working directory.[0K
[0K[?25hwarning: LF will be replaced by CRLF in .Rproj.user/F1A0FAC5/sources/prop/44A03A40.[0K[?25l
The file will have its original line endings in your working directory.[0K
[0K[?25hwarning: LF will be replaced by CRLF in public/404.html.[0K[?25l
The file will have its original line endings in your working directory.[0K
[0K[?25hwarning: LF will be replaced by CRLF in public/categories/index.html.[0K[?25l
The file will have its original line endings in your working directory.[0K
warning: LF will be replaced by CRLF in public/index.html.[0K
The file will have its original line endings in your working directory.[0K
warning: LF will be replaced by CRLF in public/post/index.html.[0K[49G[?25h[?25l
The file will have its original line endings in your working directory.[0K
[0K[?25hwarning: LF will be replaced by CRLF in public/project/deep-learning/index.html.[0K[?25l
The file will have its original line endings in your working directory.[0K
warning: LF will be replaced by CRLF in public/project/example-external-project/index.html.[0K
The file will have its original line endings in your working directory.[0K
warning: LF will be replaced by CRLF in public/publication/clothing-search/index.html.[0K
The file will have its original line endings in your working directory.[0K
[0K[?25hwarning: LF will be replaced by CRLF in public/publication/index.html.[0K[?25l
The file will have its original line endings in your working directory.[0K
[0K[?25hwarning: LF will be replaced by CRLF in public/publication/person-re-identification/index.html.[0K[?25l
The file will have its original line endings in your working directory.[0K
warning: LF will be replaced by CRLF in public/publication_types/1/index.html.[0K
The file will have its original line endings in your working directory.[0K
[0K[?25hwarning: LF will be replaced by CRLF in public/publication_types/2/index.html.[0K[?25l
The file will have its original line endings in your working directory.[0K
warning: LF will be replaced by CRLF in public/publication_types/index.html.[0K
The file will have its original line endings in your working directory.[0K
warning: LF will be replaced by CRLF in public/tags/academic/index.html.[0K
The file will have its original line endings in your working directory.[0K
[0K[?25hwarning: LF will be replaced by CRLF in public/tags/deep-learning/index.html.[0K[?25l
The file will have its original line endings in your working directory.[0K
[0K[?25hwarning: LF will be replaced by CRLF in public/tags/demo/index.html.[0K[?25l
The file will have its original line endings in your working directory.[0K
warning: LF will be replaced by CRLF in public/tags/index.html.[0K
The file will have its original line endings in your working directory.[0K
warning: LF will be replaced by CRLF in public/tags/replication/index.html.[0K
The file will have its original line endings in your working directory.[0K
[0K[?25hwarning: LF will be replaced by CRLF in public/talk/example-talk/index.html.[0K[?25l
The file will have its original line endings in your working directory.[0K
warning: LF will be replaced by CRLF in public/talk/index.html.[0K
The file will have its original line endings in your working directory.[0K
[0K[?25h[?25l
[0;32m20176239@TUE004517 [0;35m [0;33m~/Dropbox/jobb/PhD/Projects/Personal_Puzzles/Blog/personal_website[0;36m (master)[0m[0K
$[0K[3G[?25h[?25l$ g[0K[?25hi[0Kt[0K[7G[?25l$ git s[0K[?25ht[0Ka[0Kt[0Ku[0Ks[0K[?25l
[0K[?25hOn branch master[0K[?25l
Changes to be committed:[0K
  (use "git reset HEAD <file>..." to unstage)[0K
[0K
        [0;32mmodified:   .RData[0m[0K
        [0;32mmodified:   .Rhistory[0m[0K
        [0;32mmodified:   .Rproj.user/F1A0FAC5/console06/515F2CB3[0m[0K
        [0;32mmodified:   .Rproj.user/F1A0FAC5/console06/INDEX001[0m[0K
        [0;32mmodified:   .Rproj.user/F1A0FAC5/pcs/source-pane.pper[0m[0K
        [0;32mmodified:   .Rproj.user/F1A0FAC5/pcs/windowlayoutstate.pper[0m[0K
        [0;32mmodified:   .Rproj.user/F1A0FAC5/pcs/workbench-pane.pper[0m[0K
        [0;32mmodified:   .Rproj.user/F1A0FAC5/rmd-outputs[0m[0K
        [0;32mmodified:   .Rproj.user/F1A0FAC5/saved_source_markers[0m[0K
        [0;32mmodified:   .Rproj.user/F1A0FAC5/sources/prop/44A03A40[0m[0K
        [0;32mmodified:   config.toml[0m[0K
        [0;32mmodified:   public/404.html[0m[0K
        [0;32mmodified:   public/categories/index.html[0m[0K
        [0;32mmodified:   public/index.html[0m[0K
        [0;32mmodified:   public/post/index.html[0m[0K
        [0;32mmodified:   public/post/what-to-replicate/index.html[0m[0K
        [0;32mmodified:   public/project/deep-learning/index.html[0m[0K
        [0;32mmodified:   public/project/example-external-project/index.html[0m[0K
        [0;32mmodified:   public/publication/clothing-search/index.html[0m[0K
        [0;32mmodified:   public/publication/index.html[0m[0K
        [0;32mmodified:   public/publication/person-re-identification/index.html[0m[0K
        [0;32mmodified:   public/publication_types/1/index.html[0m[0K
        [0;32mmodified:   public/publication_types/2/index.html[0m[0K
        [0;32mmodified:   public/publication_types/index.html[0m[0K
        [0;32mmodified:   public/tags/academic/index.html[0m[0K
        [0;32mmodified:   public/tags/deep-learning/index.html[0m[0K
        [0;32mmodified:   public/tags/demo/index.html[0m[0K
        [0;32mmodified:   public/tags/index.html[0m[0K
        [0;32mmodified:   public/tags/replication/index.html[0m[0K
        [0;32mmodified:   public/talk/example-talk/index.html[0m[0K
        [0;32mmodified:   public/talk/index.html[0m[0K
[0K
Changes not staged for commit:[0K
  (use "git add <file>..." to update what will be committed)[0K
  (use "git checkout -- <file>..." to discard changes in working directory)[0K
[0K
        [0;31mmodified:   .Rproj.user/F1A0FAC5/console06/515F2CB3[0m[0K
[0K
[0K[?25h[?25l
[0;32m20176239@TUE004517 [0;35m [0;33m~/Dropbox/jobb/PhD/Projects/Personal_Puzzles/Blog/personal_website[0;36m (master)[0m[0K
$[0K[3G[?25h[?25l$ g[0K[?25hi[0Kt[0K[7G[?25l$ git c[0K[?25ho[0Km[0Km[0Ki[0Kt[0K[14G[?25l$ git commit -[0K[?25hm[0K[17G[?25l$ git commit -m "[0K[?25ha[0Kd[0Kd[0K[?25le[0K[21G[?25h[22G[?25l$ git commit -m "added[0K[?25h[24G[?25l$ git commit -m "added c[0K[?25ho[0K[?25lm[0K[26G[?25h[27G[?25l$ git commit -m "added co[0K[?25h[?25l$ git commit -m "added c[0K[?25h[?25l$ git commit -m "added[0K[24G[?25h[?25l$ git commit -m "added d[0K[?25hi[0K[?25ls[0K[26G[?25h[27G[?25l$ git commit -m "added disq[0K[?25hu[0Ks[0K[31G[?25l$ git commit -m "added disqus c[0K[?25ho[0Km[0Km[0K[?25le[0K[35G[?25h[36G[?25l$ git commit -m "added disqus commen[0K[?25ht[0K[39G[?25l$ git commit -m "added disqus comment f[0K[?25he[0Ka[0Kt[0Ku[0Kr[0K[?25le[0K[45G[?25h[46G[47G[?25l$ git commit -m "added disqus comment feature t[0K[?25ho[0K[50G[?25l$ git commit -m "added disqus comment feature to t[0K[?25ho[0Km[0Kl[0K[55G[54G[?25l$ git commit -m "added disqus comment feature to tom[0K[?25h[?25l$ git commit -m "added disqus comment feature to to[0K[?25h[?25l$ git commit -m "added disqus comment feature to t[0K[?25h[?25l$ git commit -m "added disqus comment feature to[0K[50G[?25h[49G[?25l$ git commit -m "added disqus comment feature t[0K[?25h[?25l$ git commit -m "added disqus comment feature[0K[47G[?25h[?25l$ git commit -m "added disqus comment feature i[0K[?25hn[0K[50G[?25l$ git commit -m "added disqus comment feature in s[0K[?25hi[0Kt[0Ke[0K[55G[?25l$ git commit -m "added disqus comment feature in site t[0K[?25ho[0Km[0Kl[0K[60G[59G[?25l$ git commit -m "added disqus comment feature in site toml"[0K[?25h[?25l
[0K[?25h[master 90e0c15] added disqus comment feature in site toml[0K[?25l
 Committer: Isager <p.isager@tue.nl>[0K
Your name and email address were configured automatically based[0K
on your username and hostname. Please check that they are accurate.[0K
You can suppress this message by setting them explicitly. Run the[0K
following command and follow the instructions in your editor to edit[0K
your configuration file:[0K
[0K
    git config --global --edit[0K
[0K
After doing this, you may fix the identity used for this commit with:[0K
[0K
    git commit --amend --reset-author[0K
[0K
 31 files changed, 252 insertions(+), 11 deletions(-)[0K
[0K[?25h[?25l
[0;32m20176239@TUE004517 [0;35m [0;33m~/Dropbox/jobb/PhD/Projects/Personal_Puzzles/Blog/personal_website[0;36m (master)[0m[0K
$[0K[3G[?25h[?25l$ g[0K[?25hi[0Kt[0K[7G[?25l$ git p[0K[?25hu[0K[?25ls[0K[9G[?25h[10G[?25l$ git push[0K[?25h[12G[?25l$ git push o[0K[12G[?25h[13G[?25l$ git push or[0K[?25hi[0Kg[0Ki[0Kn[0K[19G[?25l$ git push origin m[0K[?25ha[0Ks[0Kt[0Ke[0Kr[0K[?25l
[0K[?25hfatal: HttpRequestException encountered.[0K[?25l
   An error occurred while sending the request.[0K
error: cannot spawn rpostback-askpass: No such file or directory[0K
[0K[?25h[?25lUsername for 'https://github.com':[0K[1G[?25h[36G[?25lUsername for 'https://github.com': o[0K[?25h[?25lUsername for 'https://github.com':[0K[36G[?25h[?25lUsername for 'https://github.com': p[0K[?25he[0Kd[0Ke[0Kr[0Ki[0Ks[0Ka[0Kg[0Ke[0Kr[0K[?25l
[0K[?25herror: cannot spawn rpostback-askpass: No such file or directory[0K[?25l
[0K[?25hPassword for 'https://pederisager@github.com':[0K[48G[?25l
[0K[?25hCounting objects: 59, done.[0K[?25l
Delta compression using up to 4 threads.[0K
Compressing objects:  17% (10/56)[0K[1G[?25hCompressing objects: 100% (56/56), done.[0K[?25l
Writing objects:   3% (2/59)[0K[1G[?25hWriting objects:  59% (35/59)[0K[32G[?25lWriting objects: 100% (59/59), 143.50 KiB | 4.35 MiB/s, done.[0K
Total 59 (delta 46), reused 0 (delta 0)[0K
[0K[?25h[?25lremote: Resolving deltas:   2% (1/46)[0K[1G[?25hremote: Resolving deltas: 100% (46/46), completed with 41 local objects.[0K[?25l
[0K[?25hTo https://github.com/pederisager/personal_website.git[0K[?25l
   b777cbd..90e0c15  master -> master[0K
[0K[?25h[?25l
[0;32m20176239@TUE004517 [0;35m [0;33m~/Dropbox/jobb/PhD/Projects/Personal_Puzzles/Blog/personal_website[0;36m (master)[0m[0K
$[0K[3G[?25h[0m[0K]0;[?25l
[0;32m20176239@TUE004517 [0;35m [0;33m~/Dropbox/jobb/PhD/Projects/Personal_Puzzles/Blog/personal_website[0;36m (master)[0m[0K
[?25l[1A[0;32m20176239@TUE004517 [0;35m [0;33m~/Dropbox/jobb/PhD/Projects/Personal_Puzzles/Blog/personal_website[0;36m (master)[0K
[0m$[0K[3G[?25h[?25l$ g[0K[?25hi[0Kt[0K[7G[?25l$ git s[0K[?25ht[0Ka[0Kt[0Ku[0Ks[0K[?25l
[0K[?25hOn branch master[0K[?25l
Changes not staged for commit:[0K
  (use "git add <file>..." to update what will be committed)[0K
  (use "git checkout -- <file>..." to discard changes in working directory)[0K
[0K
        [0;31mmodified:   .Rproj.user/F1A0FAC5/console06/515F2CB3[0m[0K
[0K
no changes added to commit (use "git add" and/or "git commit -a")[0K
[0K[?25h[?25l
[0;32m20176239@TUE004517 [0;35m [0;33m~/Dropbox/jobb/PhD/Projects/Personal_Puzzles/Blog/personal_website[0;36m (master)[0m[0K
$[0K[3G[?25h[?25l$ g[0K[3G[?25h[4G[?25l$ gi[0K[?25h[?25lt[0K[5G[?25h[6G[7G[?25l$ git a[0K[?25h[?25ld[0K[8G[?25h[9G[?25l$ git add[0K[?25h[11G[?25l$ git add -[0K[?25h[?25l$ git add[0K[11G[?25h[10G[?25l$ git ad[0K[?25h[?25l$ git a[0K[?25h[?25l$ git[0K[7G[?25h[6G[?25l$ gi[0K[?25h[?25l$ g[0K[?25h[?25l$[0K[3G[?25h[?25l$ g[0K[?25hi[0K[6G[5G[?25l$ gir[0K[?25h[7G[6G[?25l$ gi[0K[?25ht[0K[7G[?25l$ git p[0K[?25h[?25lu[0K[8G[?25h[9G[?25l$ git pus[0K[?25hh[0K[12G[?25l$ git push origin[0K[19G[?25h[?25l$ git push origin m[0K[?25ha[0K[?25l$ git push origin m[0K[?25h[?25l$ git push origin[0K[19G[?25h[18G[19G[?25l$ git push origin m[0K[?25ha[0Ks[0K[?25lt[0K[22G[?25h[23G[?25l$ git push origin maste[0K[?25hr[0K[?25l
[0K[?25hfatal: HttpRequestException encountered.[0K[?25l
   An error occurred while sending the request.[0K
[0K[?25herror: cannot spawn rpostback-askpass: No such file or directory[0K[?25l
[0K[?25hUsername for 'https://github.com':[0K[36G[?25lUsername for 'https://github.com': p[0K[?25he[0Kd[0Ke[0Kr[0Ki[0Ks[0Ka[0Kg[0Ke[0Kr[0K[?25l
[0K[?25herror: cannot spawn rpostback-askpass: No such file or directory[0K[?25l
[0K[?25hPassword for 'https://pederisager@github.com':[0K[48G[?25l
[0K[?25hremote: Invalid username or password.[0K[?25l
fatal: Authentication failed for 'https://github.com/pederisager/personal_website.git/'[0K
[0K[?25h[?25l
[0;32m20176239@TUE004517 [0;35m [0;33m~/Dropbox/jobb/PhD/Projects/Personal_Puzzles/Blog/personal_website[0;36m (master)[0m[0K
$[0K[3G[?25h[?25l$ git push origin master[0K[?25h[?25l$ git status[0K[?25h[?25l$ git push origin master[0K[?25h[?25l
[0K[?25hfatal: HttpRequestException encountered.[0K[?25l
   An error occurred while sending the request.[0K
[0K[?25herror: cannot spawn rpostback-askpass: No such file or directory[0K[?25l
[0K[?25hUsername for 'https://github.com':[0K[36G[?25lUsername for 'https://github.com': p[0K[?25he[0Kd[0Ke[0Kr[0Ki[0Ks[0Ka[0Kg[0Ke[0Kr[0K@[0Kg[0Km[0Ka[0Ki[0Kl[0K.[0Kc[0Ko[0Km[0K[?25l
error: cannot spawn rpostback-askpass: No such file or directory[0K
[0K[?25hPassword for 'https://pederisager@gmail.com@github.com':[0K[58G[?25l
[0K[?25hCounting objects: 41, done.[0K[?25l
Delta compression using up to 4 threads.[0K
Compressing objects:  52% (18/34)[0K[1G[?25hCompressing objects: 100% (34/34), done.[0K[?25l
Writing objects:   4% (2/41)[0K[1G[?25hWriting objects: 100% (41/41), 148.76 KiB | 5.31 MiB/s, done.[0K[?25l
Total 41 (delta 22), reused 0 (delta 0)[0K
[0K[?25h[?25lremote: Resolving deltas:   4% (1/22)[0K[1G[?25hremote: Resolving deltas: 100% (22/22), completed with 22 local objects.[0K[?25l
[0K[?25hTo https://github.com/pederisager/personal_website.git[0K[?25l
   90e0c15..175e8a8  master -> master[0K
[0K[?25h[?25l
[0;32m20176239@TUE004517 [0;35m [0;33m~/Dropbox/jobb/PhD/Projects/Personal_Puzzles/Blog/personal_website[0;36m (master)[0m[0K
$[0K[3G[?25h[0m[0K]0;[?25l
[0;32m20176239@TUE004517 [0;35m [0;33m~/Dropbox/jobb/PhD/Projects/Personal_Puzzles/Blog/personal_website[0;36m (master)[0m[0K
[?25l$ g[0K[?25h[?25li[0K[4G[?25h[5G[?25l$ git[0K[?25h[7G[?25l$ git a[0K[7G[?25h[8G[?25l$ git ad[0K[?25hd[0K[11G[?25l$ git add -[0K[?25ha[0Kl[0Kl[0K[?25l$ git add -al[0K[?25h[?25l$ git add -a[0K[?25h[?25l$ git add -[0K[?25h[?25l$ git add[0K[11G[?25h[10G[?25l$ git ad[0K[?25h[?25l$ git a[0K[?25h[?25l$ git[0K[7G[?25h[?25l$ git s[0K[?25ht[0Ka[0Kt[0Ku[0Ks[0K[?25l
[0K[?25hOn branch master[0K[?25l
Changes not staged for commit:[0K
  (use "git add <file>..." to update what will be committed)[0K
  (use "git checkout -- <file>..." to discard changes in working directory)[0K
[0K
        [0;31mmodified:   .RData[0m[0K
        [0;31mmodified:   .Rhistory[0m[0K
        [0;31mmodified:   .Rproj.user/F1A0FAC5/console06/515F2CB3[0m[0K
        [0;31mmodified:   .Rproj.user/F1A0FAC5/console06/INDEX001[0m[0K
        [0;31mmodified:   .Rproj.user/F1A0FAC5/pcs/source-pane.pper[0m[0K
        [0;31mmodified:   .Rproj.user/F1A0FAC5/pcs/workbench-pane.pper[0m[0K
        [0;31mmodified:   .Rproj.user/F1A0FAC5/rmd-outputs[0m[0K
        [0;31mmodified:   .Rproj.user/F1A0FAC5/sources/prop/D2F32523[0m[0K
        [0;31mmodified:   .Rproj.user/F1A0FAC5/sources/prop/E392D098[0m[0K
        [0;31mmodified:   .Rproj.user/F1A0FAC5/sources/prop/INDEX[0m[0K
        [0;31mmodified:   .Rproj.user/shared/notebooks/paths[0m[0K
        [0;31mmodified:   public/404.html[0m[0K
        [0;31mmodified:   public/index.html[0m[0K
        [0;31mmodified:   public/index.xml[0m[0K
        [0;31mmodified:   public/post/index.html[0m[0K
        [0;31mmodified:   public/post/index.xml[0m[0K
        [0;31mmodified:   public/sitemap.xml[0m[0K
        [0;31mmodified:   public/tags/index.html[0m[0K
        [0;31mmodified:   public/tags/index.xml[0m[0K
[0K
Untracked files:[0K
  (use "git add <file>..." to include in what will be committed)[0K
[0K
        [0;31mcontent/post/2018-31-08-ganging-up-on-psychological-science.Rmd[0m[0K
        [0;31mcontent/post/2018-31-08-ganging-up-on-psychological-science.html[0m[0K
        [0;31mcontent/post/large_scale_collaboration.bib[0m[0K
        [0;31mpublic/img/PSA_map.png[0m[0K
        [0;31mpublic/img/headers/CERN-blog-header.jpg[0m[0K
        [0;31mpublic/img/posts/PSA_map.png[0m[0K
        [0;31mpublic/post/ganging-up-files/[0m[0K
        [0;31mpublic/post/ganging-up-on-psych-science/[0m[0K
        [0;31mpublic/post/large_scale_collaboration.bib[0m[0K
        [0;31mpublic/tags/large-scale-collaboration/[0m[0K
        [0;31mpublic/tags/psa/[0m[0K
        [0;31mpublic/tags/research-practice/[0m[0K
        [0;31mpublic/tags/weird/[0m[0K
        [0;31mstatic/img/PSA_map.png[0m[0K
        [0;31mstatic/img/posts/PSA_map.png[0m[0K
[0K
no changes added to commit (use "git add" and/or "git commit -a")[0K
[0K[?25h[?25l
[0;32m20176239@TUE004517 [0;35m [0;33m~/Dropbox/jobb/PhD/Projects/Personal_Puzzles/Blog/personal_website[0;36m (master)[0m[0K
$[0K[3G[?25h[?25l$ g[0K[?25hi[0Kt[0K[7G[?25l$ git a[0K[?25hd[0Kd[0K[11G[?25l$ git add -[0K[?25hA[0K[?25l
[0K[?25hwarning: LF will be replaced by CRLF in .Rhistory.[0K[?25l
The file will have its original line endings in your working directory.[0K
[0K[?25hwarning: LF will be replaced by CRLF in .Rproj.user/F1A0FAC5/pcs/source-pane.pper.[0K[?25l
The file will have its original line endings in your working directory.[0K
warning: LF will be replaced by CRLF in .Rproj.user/F1A0FAC5/pcs/workbench-pane.pper.[0K[83G[?25h[?25l
The file will have its original line endings in your working directory.[0K
warning: LF will be replaced by CRLF in .Rproj.user/F1A0FAC5/rmd-outputs.[0K
The file will have its original line endings in your working directory.[0K
[0K[?25hwarning: LF will be replaced by CRLF in .Rproj.user/F1A0FAC5/sources/prop/D2F32523.[0K[?25l
The file will have its original line endings in your working directory.[0K
warning: LF will be replaced by CRLF in .Rproj.user/F1A0FAC5/sources/prop/E392D098.[0K
The file will have its original line endings in your working directory.[0K
warning: LF will be replaced by CRLF in .Rproj.user/F1A0FAC5/sources/prop/INDEX.[0K
The file will have its original line endings in your working directory.[0K
[0K[?25hwarning: LF will be replaced by CRLF in .Rproj.user/shared/notebooks/paths.[0K[?25l
The file will have its original line endings in your working directory.[0K
[0K[?25hwarning: LF will be replaced by CRLF in public/404.html.[0K[?25l
The file will have its original line endings in your working directory.[0K
[0K[?25hwarning: LF will be replaced by CRLF in public/index.html.[0K[?25l
The file will have its original line endings in your working directory.[0K
warning: LF will be replaced by CRLF in public/index.xml.[0K
The file will have its original line endings in your working directory.[0K
[0K[?25hwarning: LF will be replaced by CRLF in public/post/index.html.[0K[?25l
The file will have its original line endings in your working directory.[0K
[0K[?25hwarning: LF will be replaced by CRLF in public/sitemap.xml.[0K[?25l
The file will have its original line endings in your working directory.[0K
[0K[?25hwarning: LF will be replaced by CRLF in public/tags/index.html.[0K[?25l
The file will have its original line endings in your working directory.[0K
warning: LF will be replaced by CRLF in public/tags/index.xml.[0K
The file will have its original line endings in your working directory.[0K
[0K[?25hwarning: LF will be replaced by CRLF in content/post/large_scale_collaboration.bib.[0K[?25l
The file will have its original line endings in your working directory.[0K
[0K[?25hwarning: LF will be replaced by CRLF in public/post/large_scale_collaboration.bib.[0K[?25l
The file will have its original line endings in your working directory.[0K
[0K[?25hwarning: LF will be replaced by CRLF in public/tags/large-scale-collaboration/index.html.[0K[?25l
The file will have its original line endings in your working directory.[0K
[0K[?25hwarning: LF will be replaced by CRLF in public/tags/psa/index.html.[0K[?25l
The file will have its original line endings in your working directory.[0K
[0K[?25hwarning: LF will be replaced by CRLF in public/tags/research-practice/index.html.[0K[?25l
The file will have its original line endings in your working directory.[0K
[0K[?25hwarning: LF will be replaced by CRLF in public/tags/weird/index.html.[0K[?25l
The file will have its original line endings in your working directory.[0K
[0K[?25h[?25l
[0;32m20176239@TUE004517 [0;35m [0;33m~/Dropbox/jobb/PhD/Projects/Personal_Puzzles/Blog/personal_website[0;36m (master)[0m[0K
$[0K[3G[?25h[?25l$ git add -A[0K[?25h[?25l$ git status[0K[?25h[?25l
[0K[?25hOn branch master[0K[?25l
Changes to be committed:[0K
  (use "git reset HEAD <file>..." to unstage)[0K
[0K
        [0;32mmodified:   .RData[0m[0K
        [0;32mmodified:   .Rhistory[0m[0K
        [0;32mmodified:   .Rproj.user/F1A0FAC5/console06/515F2CB3[0m[0K
        [0;32mmodified:   .Rproj.user/F1A0FAC5/console06/INDEX001[0m[0K
        [0;32mmodified:   .Rproj.user/F1A0FAC5/pcs/source-pane.pper[0m[0K
        [0;32mmodified:   .Rproj.user/F1A0FAC5/pcs/workbench-pane.pper[0m[0K
        [0;32mmodified:   .Rproj.user/F1A0FAC5/rmd-outputs[0m[0K
        [0;32mmodified:   .Rproj.user/F1A0FAC5/sources/prop/D2F32523[0m[0K
        [0;32mmodified:   .Rproj.user/F1A0FAC5/sources/prop/E392D098[0m[0K
        [0;32mmodified:   .Rproj.user/F1A0FAC5/sources/prop/INDEX[0m[0K
        [0;32mmodified:   .Rproj.user/shared/notebooks/paths[0m[0K
        [0;32mnew file:   content/post/2018-31-08-ganging-up-on-psychological-science.Rmd[0m[0K
        [0;32mnew file:   content/post/2018-31-08-ganging-up-on-psychological-science.html[0m[0K
        [0;32mnew file:   content/post/large_scale_collaboration.bib[0m[0K
        [0;32mmodified:   public/404.html[0m[0K
        [0;32mnew file:   public/img/PSA_map.png[0m[0K
        [0;32mnew file:   public/img/headers/CERN-blog-header.jpg[0m[0K
        [0;32mnew file:   public/img/posts/PSA_map.png[0m[0K
        [0;32mmodified:   public/index.html[0m[0K
        [0;32mmodified:   public/index.xml[0m[0K
        [0;32mnew file:   public/post/ganging-up-files/PSA_map.png[0m[0K
        [0;32mnew file:   public/post/ganging-up-on-psych-science/index.html[0m[0K
        [0;32mmodified:   public/post/index.html[0m[0K
        [0;32mmodified:   public/post/index.xml[0m[0K
        [0;32mnew file:   public/post/large_scale_collaboration.bib[0m[0K
        [0;32mmodified:   public/sitemap.xml[0m[0K
        [0;32mmodified:   public/tags/index.html[0m[0K
        [0;32mmodified:   public/tags/index.xml[0m[0K
        [0;32mnew file:   public/tags/large-scale-collaboration/index.html[0m[0K
        [0;32mnew file:   public/tags/large-scale-collaboration/index.xml[0m[0K
        [0;32mnew file:   public/tags/large-scale-collaboration/page/1/index.html[0m[0K
        [0;32mnew file:   public/tags/psa/index.html[0m[0K
        [0;32mnew file:   public/tags/psa/index.xml[0m[0K
        [0;32mnew file:   public/tags/psa/page/1/index.html[0m[0K
        [0;32mnew file:   public/tags/research-practice/index.html[0m[0K
        [0;32mnew file:   public/tags/research-practice/index.xml[0m[0K
        [0;32mnew file:   public/tags/research-practice/page/1/index.html[0m[0K
        [0;32mnew file:   public/tags/weird/index.html[0m[0K
        [0;32mnew file:   public/tags/weird/index.xml[0m[0K
        [0;32mnew file:   public/tags/weird/page/1/index.html[0m[0K
        [0;32mnew file:   static/img/PSA_map.png[0m[0K
        [0;32mnew file:   static/img/posts/PSA_map.png[0m[0K
[0K
Changes not staged for commit:[0K
  (use "git add <file>..." to update what will be committed)[0K
  (use "git checkout -- <file>..." to discard changes in working directory)[0K
[0K
        [0;31mmodified:   .Rproj.user/F1A0FAC5/console06/515F2CB3[0m[0K
[0K
[0K[?25h[?25l
[0;32m20176239@TUE004517 [0;35m [0;33m~/Dropbox/jobb/PhD/Projects/Personal_Puzzles/Blog/personal_website[0;36m (master)[0m[0K
$[0K[3G[?25h[?25l$ g[0K[?25hi[0K[6G[5G[?25l$ git[0K[?25h[7G[?25l$ git c[0K[7G[?25h[8G[?25l$ git co[0K[?25hm[0Km[0Ki[0Kt[0K[14G[?25l$ git commit -[0K[?25hm[0K[17G[?25l$ git commit -m "[0K[?25hA[0K[?25ld[0K[19G[?25h[20G[?25l$ git commit -m "Add[0K[?25he[0Kd[0K[24G[?25l$ git commit -m "Added b[0K[?25hl[0Ko[0Kg[0K[29G[?25l$ git commit -m "Added blog p[0K[?25ho[0Ks[0Kt[0K[34G[?25l$ git commit -m "Added blog post o[0K[?25hn[0K[37G[?25l$ git commit -m "Added blog post on l[0K[?25ha[0Kr[0Kg[0Ke[0K[43G[?25l$ git commit -m "Added blog post on large s[0K[?25hc[0Ka[0Kl[0Ke[0K[49G[?25l$ git commit -m "Added blog post on large scale r[0K[?25he[0Kp[0K[?25l$ git commit -m "Added blog post on large scale re[0K[?25h[?25l$ git commit -m "Added blog post on large scale r[0K[?25h[?25l$ git commit -m "Added blog post on large scale[0K[49G[?25h[?25l$ git commit -m "Added blog post on large scale c[0K[?25h[?25lo[0K[50G[?25h[51G[?25l$ git commit -m "Added blog post on large scale col[0K[51G[?25h[52G[?25l$ git commit -m "Added blog post on large scale coll[0K[?25ha[0Kb[0Ko[0Kr[0Ka[0Kt[0Ki[0Ko[0Kn[0K[63G[?25l$ git commit -m "Added blog post on large scale collaboration p[0K[?25hr[0Ko[0Kj[0Ke[0Kc[0K[?25lt[0K[69G[?25h[70G[?25l$ git commit -m "Added blog post on large scale collaboration projects[0K[?25h"[0K[71G[70G[69G[68G[67G[66G[65G[64G[63G[62G[61G[60G[59G[58G[57G[56G[55G[54G[53G[51G[50G[49G[48G[47G[46G[45G[44G[43G[42G[41G[40G[39G[38G[37G[36G[35G[34G[33G[32G[31G[30G[28G[27G[26G[27G[28G[29G[30G[31G[32G[33G[34G[35G[36G[37G[38G[39G[40G[41G[43G[44G[46G[47G[48G[50G[51G[52G[53G[54G[55G[56G[57G[58G[59G[60G[61G[62G[63G[64G[65G[66G[67G[69G[70G[71G[72G[?25l$ git commit -m "Added blog post on large scale collaboration projects[0K[?25h[?25l$ git commit -m "Added blog post on large scale collaboration project[0K[?25h[?25l$ git commit -m "Added blog post on large scale collaboration projec[0K[?25h[?25l$ git status[0K[?25h[?25l$ git commit -m "Added blog post on large scale collaboration projec[0K[?25h[?25l$ git status[0K[?25h[?25l$ git add -A[0K[?25h[?25l$ git status[0K[?25h[?25l$ git commit -m "Added blog post on large scale collaboration projec[0K[?25ht[0Ks[0K"[0K[71G[?25l$ git commit -m "Added blog post on large scale collaboration projects."[0K[72G[?25h[?25l
[0K[?25h[master 6454df8] Added blog post on large scale collaboration projects.[0K[?25l
 Committer: Isager <p.isager@tue.nl>[0K
Your name and email address were configured automatically based[0K
on your username and hostname. Please check that they are accurate.[0K
You can suppress this message by setting them explicitly. Run the[0K
following command and follow the instructions in your editor to edit[0K
your configuration file:[0K
[0K
    git config --global --edit[0K
[0K
After doing this, you may fix the identity used for this commit with:[0K
[0K
    git commit --amend --reset-author[0K
[0K
 42 files changed, 28959 insertions(+), 8 deletions(-)[0K
 rewrite .Rproj.user/F1A0FAC5/console06/INDEX001 (84%)[0K
 create mode 100644 content/post/2018-31-08-ganging-up-on-psychological-science.Rmd[0K
 create mode 100644 content/post/2018-31-08-ganging-up-on-psychological-science.html[0K
 create mode 100644 content/post/large_scale_collaboration.bib[0K
 create mode 100644 public/img/PSA_map.png[0K
 create mode 100644 public/img/headers/CERN-blog-header.jpg[0K
 create mode 100644 public/img/posts/PSA_map.png[0K
 create mode 100644 public/post/ganging-up-files/PSA_map.png[0K
 create mode 100644 public/post/ganging-up-on-psych-science/index.html[0K
 create mode 100644 public/post/large_scale_collaboration.bib[0K
 create mode 100644 public/tags/large-scale-collaboration/index.html[0K
 create mode 100644 public/tags/large-scale-collaboration/index.xml[0K
 create mode 100644 public/tags/large-scale-collaboration/page/1/index.html[0K
 create mode 100644 public/tags/psa/index.html[0K
 create mode 100644 public/tags/psa/index.xml[0K
 create mode 100644 public/tags/psa/page/1/index.html[0K
 create mode 100644 public/tags/research-practice/index.html[0K
 create mode 100644 public/tags/research-practice/index.xml[0K
 create mode 100644 public/tags/research-practice/page/1/index.html[0K
 create mode 100644 public/tags/weird/index.html[0K
 create mode 100644 public/tags/weird/index.xml[0K
 create mode 100644 public/tags/weird/page/1/index.html[0K
 create mode 100644 static/img/PSA_map.png[0K
 create mode 100644 static/img/posts/PSA_map.png[0K
[0K[?25h[?25l
[0;32m20176239@TUE004517 [0;35m [0;33m~/Dropbox/jobb/PhD/Projects/Personal_Puzzles/Blog/personal_website[0;36m (master)[0m[0K
$[0K[3G[?25h[?25l$ g[0K[?25hi[0K[?25lt[0K[5G[?25h[6G[7G[?25l$ git p[0K[?25h[?25lu[0K[8G[?25h[9G[?25l$ git pus[0K[?25h[?25lh[0K[10G[?25h[11G[12G[?25l$ git push o[0K[?25hr[0Ki[0Kg[0Ki[0Kn[0K[19G[?25l$ git push origin m[0K[?25ha[0Ks[0Kt[0Ke[0K[?25lr[0K[24G[?25h[25G[?25l
[0K[?25hfatal: HttpRequestException encountered.[0K[?25l
   An error occurred while sending the request.[0K
[0K[?25herror: cannot spawn rpostback-askpass: No such file or directory[0K[?25l
[0K[?25hUsername for 'https://github.com':[0K[36G[?25lUsername for 'https://github.com': p[0K[?25he[0Kd[0Ke[0Kr[0Ki[0Ks[0Ka[0Kg[0Ke[0Kr[0K[?25l
error: cannot spawn rpostback-askpass: No such file or directory[0K
[0K[?25hPassword for 'https://pederisager@github.com':[0K[48G[?25l
[0K[?25hCounting objects: 71, done.[0K[?25l
Delta compression using up to 4 threads.[0K
Compressing objects:  70% (41/58)[0K[1G[?25h[?25lCompressing objects:  96% (56/58)[0K[1G[?25h[?25lCompressing objects:  98% (57/58)[0K[1G[?25hCompressing objects: 100% (58/58), done.[0K[?25l
Writing objects:   2% (2/71)[0K[1G[?25h[?25lWriting objects:  36% (26/71)[0K[1G[?25h[?25lWriting objects:  45% (32/71)[0K[1G[?25h[?25lWriting objects:  45% (32/71), 984.00 KiB | 448.00 KiB/s[0K[1G[?25h[?25lWriting objects:  45% (32/71), 1.60 MiB | 505.00 KiB/s[0K[1G[?25h[?25lWriting objects:  45% (32/71), 2.25 MiB | 537.00 KiB/s[0K[1G[?25h[?25lWriting objects:  45% (32/71), 2.90 MiB | 555.00 KiB/s[0K[1G[?25h[?25lWriting objects:  69% (49/71), 2.90 MiB | 555.00 KiB/s[0K[1G[?25hWriting objects: 100% (71/71), 2.95 MiB | 556.00 KiB/s, done.[0K[?25l
Total 71 (delta 38), reused 0 (delta 0)[0K
[0K[?25h[?25lremote: Resolving deltas:  10% (4/38)[0K[1G[?25hremote: Resolving deltas: 100% (38/38), completed with 25 local objects.[0K[?25l
[0K[?25hTo https://github.com/pederisager/personal_website.git[0K[?25l
   175e8a8..6454df8  master -> master[0K
[0K[?25h[?25l
[0;32m20176239@TUE004517 [0;35m [0;33m~/Dropbox/jobb/PhD/Projects/Personal_Puzzles/Blog/personal_website[0;36m (master)[0m[0K
$[0K[3G[?25h[?25l$ git push origin master[0K[?25h[?25l$ git commit -m "Added blog post on large scale collaboration projects."[0K[?25h[?25l$ git status[0K[?25h[?25l$ git commit -m "Added blog post on large scale collaboration projects."[0K[?25h[?25l$ git add -A[0K[?25h[?25l$ git status[0K[?25h[?25l$ git add -A[0K[?25h[?25l
[0K[?25hwarning: LF will be replaced by CRLF in public/404.html.[0K[?25l
The file will have its original line endings in your working directory.[0K
[0K[?25hwarning: LF will be replaced by CRLF in public/index.html.[0K[?25l
The file will have its original line endings in your working directory.[0K
[0K[?25hwarning: LF will be replaced by CRLF in public/index.xml.[0K[?25l
The file will have its original line endings in your working directory.[0K
[0K[?25hwarning: LF will be replaced by CRLF in public/post/index.html.[0K[?25l
The file will have its original line endings in your working directory.[0K
[0K[?25hwarning: LF will be replaced by CRLF in public/tags/large-scale-collaboration/index.html.[0K[?25l
The file will have its original line endings in your working directory.[0K
[0K[?25hwarning: LF will be replaced by CRLF in public/tags/psa/index.html.[0K[?25l
The file will have its original line endings in your working directory.[0K
warning: LF will be replaced by CRLF in public/tags/research-practice/index.html.[0K
The file will have its original line endings in your working directory.[0K
[0K[?25hwarning: LF will be replaced by CRLF in public/tags/weird/index.html.[0K[?25l
The file will have its original line endings in your working directory.[0K
[0K[?25h[?25l
[0;32m20176239@TUE004517 [0;35m [0;33m~/Dropbox/jobb/PhD/Projects/Personal_Puzzles/Blog/personal_website[0;36m (master)[0m[0K
$[0K[3G[?25h[?25l$ git add -A[0K[?25h[?25l$ git push origin master[0K[?25h[?25l$ git commit -m "Added blog post on large scale collaboration projects."[0K[?25h[72G[71G[70G[69G[70G[71G[?25l$ git commit -m "Added blog post on large scale collaboration project."[0K[70G[?25h[?25l$ git commit -m "Added blog post on large scale collaboration projec."[0K[69G[?25h[?25l$ git commit -m "Added blog post on large scale collaboration proje."[0K[68G[?25h[?25l$ git commit -m "Added blog post on large scale collaboration proj."[0K[67G[?25h[?25l$ git commit -m "Added blog post on large scale collaboration pro."[0K[66G[?25h[?25l$ git commit -m "Added blog post on large scale collaboration pr."[0K[65G[?25h[?25l$ git commit -m "Added blog post on large scale collaboration p."[0K[64G[?25h[?25l$ git commit -m "Added blog post on large scale collaboration ."[0K[63G[?25h[?25l$ git commit -m "Added blog post on large scale collaboration."[0K[62G[?25h[?25l$ git commit -m "Added blog post on large scale collaboratio."[0K[61G[?25h[?25l$ git commit -m "Added blog post on large scale collaborat."[0K[60G[?25h[?25l$ git commit -m "Added blog post on large scale collabora."[0K[58G[?25h[?25l$ git commit -m "Added blog post on large scale collabor."[0K[57G[?25h[?25l$ git commit -m "Added blog post on large scale collab."[0K[56G[?25h[?25l$ git commit -m "Added blog post on large scale colla."[0K[55G[?25h[54G[?25l$ git commit -m "Added blog post on large scale coll."[0K[53G[?25h[?25l$ git commit -m "Added blog post on large scale col."[0K[52G[?25h[?25l$ git commit -m "Added blog post on large scale co."[0K[51G[?25h[?25l$ git commit -m "Added blog post on large scale c."[0K[50G[?25h[?25l$ git commit -m "Added blog post on large scale."[0K[48G[?25h[?25l$ git commit -m "Added blog post on large scal."[0K[47G[?25h[?25l$ git commit -m "Added blog post on large sca."[0K[46G[?25h[?25l$ git commit -m "Added blog post on large sc."[0K[45G[?25h[?25l$ git commit -m "Added blog post on large s."[0K[44G[?25h[?25l$ git commit -m "Added blog post on large ."[0K[43G[?25h[?25l$ git commit -m "Added blog post on large."[0K[42G[?25h[?25l$ git commit -m "Added blog post on larg."[0K[41G[?25h[?25l$ git commit -m "Added blog post on lar."[0K[41G[?25h[?25l$ git commit -m "Added blog post on la."[0K[40G[?25h[38G[?25l$ git commit -m "Added blog post on l."[0K[38G[?25h[?25l$ git commit -m "Added blog post on ."[0K[37G[?25h[?25l$ git commit -m "Added blog post on."[0K[36G[?25h[?25l$ git commit -m "Added blog post o."[0K[35G[?25h[?25l$ git commit -m "Added blog post ."[0K[34G[?25h[?25l$ git commit -m "Added blog post."[0K[33G[?25h[?25l$ git commit -m "Added blog pos."[0K[32G[?25h[?25l$ git commit -m "Added blog po."[0K[31G[?25h[?25l$ git commit -m "Added blog ."[0K[30G[?25h[29G[?25l$ git commit -m "Added blog."[0K[28G[?25h[?25l$ git commit -m "Added blo."[0K[27G[?25h[?25l$ git commit -m "Added bl."[0K[26G[?25h[?25l$ git commit -m "Added b."[0K[25G[?25h[?25l$ git commit -m "Added ."[0K[24G[?25h[?25l$ git commit -m "Added."[0K[23G[?25h[?25l$ git commit -m "Adde."[0K[22G[?25h[?25l$ git commit -m "Add."[0K[21G[?25h[?25l$ git commit -m "Ad."[0K[20G[?25h[?25l$ git commit -m "A."[0K[19G[?25h[?25l$ git commit -m "."[0K[18G[?25h[?25l$ git commit -m "F."[0K[19G[?25h[?25l$ git commit -m "Fi."[0K[20G[?25h[?25l$ git commit -m "Fix."[0K[21G[?25h[?25l$ git commit -m "Fixe."[0K[22G[?25h[?25l$ git commit -m "Fixed."[0K[23G[?25h[?25l$ git commit -m "Fixed ."[0K[24G[?25h[?25l$ git commit -m "Fixed t."[0K[25G[?25h[?25l$ git commit -m "Fixed ty."[0K[26G[?25h[?25l$ git commit -m "Fixed typ."[0K[27G[?25h[?25l$ git commit -m "Fixed typo."[0K[28G[?25h[?25l$ git commit -m "Fixed typo ."[0K[29G[?25h[?25l$ git commit -m "Fixed typo i."[0K[30G[?25h[?25l$ git commit -m "Fixed typo in."[0K[31G[?25h[?25l$ git commit -m "Fixed typo in ."[0K[32G[?25h[?25l$ git commit -m "Fixed typo in p."[0K[33G[?25h[?25l$ git commit -m "Fixed typo in po."[0K[34G[?25h[?25l$ git commit -m "Fixed typo in pos."[0K[35G[?25h[?25l$ git commit -m "Fixed typo in post."[0K[36G[?25h[?25l$ git commit -m "Fixed typo in post ."[0K[36G[?25h[37G[?25l$ git commit -m "Fixed typo in post t."[0K[38G[?25h[?25l$ git commit -m "Fixed typo in post ti."[0K[39G[?25h[?25l$ git commit -m "Fixed typo in post til."[0K[40G[?25h[?25l$ git commit -m "Fixed typo in post ti."[0K[39G[?25h[?25l$ git commit -m "Fixed typo in post tit."[0K[40G[?25h[?25l$ git commit -m "Fixed typo in post titl."[0K[41G[?25h[?25l$ git commit -m "Fixed typo in post title."[0K[42G[?25h[?25l
[0K[?25h[master bacb2eb] Fixed typo in post title.[0K[?25l
 Committer: Isager <p.isager@tue.nl>[0K
Your name and email address were configured automatically based[0K
on your username and hostname. Please check that they are accurate.[0K
You can suppress this message by setting them explicitly. Run the[0K
following command and follow the instructions in your editor to edit[0K
your configuration file:[0K
[0K
    git config --global --edit[0K
[0K
After doing this, you may fix the identity used for this commit with:[0K
[0K
    git commit --amend --reset-author[0K
[0K
 17 files changed, 182 insertions(+), 22 deletions(-)[0K
[0K[?25h[?25l
[0;32m20176239@TUE004517 [0;35m [0;33m~/Dropbox/jobb/PhD/Projects/Personal_Puzzles/Blog/personal_website[0;36m (master)[0m[0K
$[0K[3G[?25h[?25l$ git commit -m "Fixed typo in post title."[0K[?25h[?25l$ git add -A[0K[?25h[?25l$ git push origin master[0K[?25h[?25l
[0K[?25hfatal: HttpRequestException encountered.[0K[?25l
   An error occurred while sending the request.[0K
[0K[?25herror: cannot spawn rpostback-askpass: No such file or directory[0K[?25l
Username for 'https://github.com':[0K[36G[?25h[?25lUsername for 'https://github.com': p[0K[?25he[0Kd[0Ke[0Kr[0Ki[0Ks[0Ka[0Kg[0Ke[0Kr[0K[?25l
error: cannot spawn rpostback-askpass: No such file or directory[0K
[0K[?25hPassword for 'https://pederisager@github.com':[0K[48G[?25l
[0K[?25hremote: Invalid username or password.[0K[?25l
fatal: Authentication failed for 'https://github.com/pederisager/personal_website.git/'[0K
[0K[?25h[?25l
[0;32m20176239@TUE004517 [0;35m [0;33m~/Dropbox/jobb/PhD/Projects/Personal_Puzzles/Blog/personal_website[0;36m (master)[0m[0K
$[0K[3G[?25h[?25l$ git push origin master[0K[?25h[?25l$ git commit -m "Fixed typo in post title."[0K[?25h[?25l$ git push origin master[0K[?25h[?25l$[0K[3G[?25h[?25l$ git push origin master[0K[?25h[?25l
[0K[?25hfatal: HttpRequestException encountered.[0K[?25l
   An error occurred while sending the request.[0K
[0K[?25h[?25lerror: cannot spawn rpostback-askpass: No such file or directory[0K[57G[?25h[?25l
Username for 'https://github.com':[0K[36G[?25h[?25lUsername for 'https://github.com': p[0K[?25he[0Kd[0Ke[0Kr[0Ki[0Ks[0Ka[0Kg[0Ke[0Kr[0K[?25l
error: cannot spawn rpostback-askpass: No such file or directory[0K
[0K[?25hPassword for 'https://pederisager@github.com':[0K[48G[?25l
[0K[?25hCounting objects: 32, done.[0K[?25l
Delta compression using up to 4 threads.[0K
Compressing objects:  41% (13/31)[0K[1G[?25hCompressing objects: 100% (31/31), done.[0K[?25l
Writing objects: 100% (32/32), 4.22 KiB | 720.00 KiB/s, done.[0K
Total 32 (delta 24), reused 0 (delta 0)[0K
[0K[?25h[?25lremote: Resolving deltas:  25% (6/24)[0K[1G[?25hremote: Resolving deltas: 100% (24/24), completed with 21 local objects.[0K[?25l
[0K[?25hTo https://github.com/pederisager/personal_website.git[0K[?25l
   6454df8..bacb2eb  master -> master[0K
[0K[?25h[?25l
[0;32m20176239@TUE004517 [0;35m [0;33m~/Dropbox/jobb/PhD/Projects/Personal_Puzzles/Blog/personal_website[0;36m (master)[0m[0K
$[0K[3G[?25h[0m[0K]0;[?25l
[0;32m20176239@TUE004517 [0;35m [0;33m~/Dropbox/jobb/PhD/Projects/Personal_Puzzles/Blog/personal_website[0;36m (master)[0m[0K
$[0K[3G[?25h[?25l[1A[0;32m20176239@TUE004517 [0;35m [0;33m~/Dropbox/jobb/PhD/Projects/Personal_Puzzles/Blog/personal_website[0;36m (master)[0K
[?25l$ f[0K[?25hf[0K[6G[5G[?25l$ f[0K[?25h[?25l$[0K[4G[?25h[3G[?25l$ g[0K[?25hi[0Kt[0Kr[0K[8G[7G[?25l$ git[0K[?25h[7G[?25l$ git s[0K[?25ht[0Ka[0Kt[0Ku[0Ks[0K[?25l
[0K[?25hOn branch master[0K[?25l
Changes not staged for commit:[0K
  (use "git add <file>..." to update what will be committed)[0K
  (use "git checkout -- <file>..." to discard changes in working directory)[0K
[0K
        [0;31mmodified:   .RData[0m[0K
        [0;31mmodified:   .Rhistory[0m[0K
        [0;31mmodified:   .Rproj.user/F1A0FAC5/console06/515F2CB3[0m[0K
        [0;31mmodified:   .Rproj.user/F1A0FAC5/console06/INDEX001[0m[0K
        [0;31mmodified:   .Rproj.user/F1A0FAC5/pcs/source-pane.pper[0m[0K
        [0;31mmodified:   .Rproj.user/F1A0FAC5/pcs/windowlayoutstate.pper[0m[0K
        [0;31mmodified:   .Rproj.user/F1A0FAC5/pcs/workbench-pane.pper[0m[0K
        [0;31mmodified:   .Rproj.user/F1A0FAC5/sources/prop/INDEX[0m[0K
        [0;31mmodified:   .Rproj.user/shared/notebooks/paths[0m[0K
        [0;31mmodified:   public/404.html[0m[0K
        [0;31mmodified:   public/index.html[0m[0K
        [0;31mmodified:   public/index.xml[0m[0K
        [0;31mmodified:   public/post/index.html[0m[0K
        [0;31mmodified:   public/post/index.xml[0m[0K
        [0;31mmodified:   public/sitemap.xml[0m[0K
        [0;31mmodified:   public/tags/index.html[0m[0K
        [0;31mmodified:   public/tags/index.xml[0m[0K
[0K
Untracked files:[0K
  (use "git add <file>..." to include in what will be committed)[0K
[0K
        [0;31mcontent/post/2018-31-08-how-to-make-data-open-with-OSF.Rmd[0m[0K
        [0;31mcontent/post/2018-31-08-how-to-make-data-open-with-OSF.html[0m[0K
        [0;31mpublic/img/OSF_how_to/[0m[0K
        [0;31mpublic/img/headers/badge_header.png[0m[0K
        [0;31mpublic/post/how-to-share-your-data-with-osf/[0m[0K
        [0;31mpublic/tags/gdpr/[0m[0K
        [0;31mpublic/tags/licensing/[0m[0K
        [0;31mpublic/tags/open-data/[0m[0K
        [0;31mpublic/tags/open-science/[0m[0K
        [0;31mpublic/tags/osf/[0m[0K
        [0;31mpublic/tags/page/2/[0m[0K
        [0;31mpublic/tags/tutorial/[0m[0K
        [0;31mstatic/img/OSF_how_to/[0m[0K
[0K
no changes added to commit (use "git add" and/or "git commit -a")[0K
[0K[?25h[?25l
[0;32m20176239@TUE004517 [0;35m [0;33m~/Dropbox/jobb/PhD/Projects/Personal_Puzzles/Blog/personal_website[0;36m (master)[0m[0K
$[0K[3G[?25h[?25l$ g[0K[?25hi[0Kt[0K[7G[?25l$ git a[0K[?25hd[0Kd[0K[11G[?25l$ git add -[0K[?25hA[0K[?25l
[0K[?25hwarning: LF will be replaced by CRLF in .Rhistory.[0K[?25l
The file will have its original line endings in your working directory.[0K
[0K[?25hwarning: LF will be replaced by CRLF in .Rproj.user/F1A0FAC5/pcs/source-pane.pper.[0K[?25l
The file will have its original line endings in your working directory.[0K
warning: LF will be replaced by CRLF in .Rproj.user/F1A0FAC5/pcs/windowlayoutstate.pper.[0K
The file will have its original line endings in your working directory.[0K
warning: LF will be replaced by CRLF in .Rproj.user/F1A0FAC5/pcs/workbench-pane.pper.[0K
The file will have its original line endings in your working directory.[0K
[0K[?25hwarning: LF will be replaced by CRLF in .Rproj.user/F1A0FAC5/sources/prop/INDEX.[0K[?25l
The file will have its original line endings in your working directory.[0K
[0K[?25hwarning: LF will be replaced by CRLF in .Rproj.user/shared/notebooks/paths.[0K[?25l
The file will have its original line endings in your working directory.[0K
warning: LF will be replaced by CRLF in public/404.html.[0K
The file will have its original line endings in your working directory.[0K
[0K[?25hwarning: LF will be replaced by CRLF in public/index.html.[0K[?25l
The file will have its original line endings in your working directory.[0K
warning: LF will be replaced by CRLF in public/index.xml.[0K
The file will have its original line endings in your working directory.[0K
[0K[?25hwarning: LF will be replaced by CRLF in public/post/index.html.[0K[?25l
The file will have its original line endings in your working directory.[0K
[0K[?25hwarning: LF will be replaced by CRLF in public/sitemap.xml.[0K[?25l
The file will have its original line endings in your working directory.[0K
warning: LF will be replaced by CRLF in public/tags/index.html.[0K
The file will have its original line endings in your working directory.[0K
[0K[?25hwarning: LF will be replaced by CRLF in public/tags/index.xml.[0K[?25l
The file will have its original line endings in your working directory.[0K
[0K[?25hwarning: LF will be replaced by CRLF in public/tags/gdpr/index.html.[0K[?25l
The file will have its original line endings in your working directory.[0K
[0K[?25hwarning: LF will be replaced by CRLF in public/tags/licensing/index.html.[0K[?25l
The file will have its original line endings in your working directory.[0K
[0K[?25hwarning: LF will be replaced by CRLF in public/tags/open-data/index.html.[0K[?25l
The file will have its original line endings in your working directory.[0K
[0K[?25hwarning: LF will be replaced by CRLF in public/tags/open-science/index.html.[0K[?25l
The file will have its original line endings in your working directory.[0K
[0K[?25hwarning: LF will be replaced by CRLF in public/tags/osf/index.html.[0K[?25l
The file will have its original line endings in your working directory.[0K
[0K[?25hwarning: LF will be replaced by CRLF in public/tags/page/2/index.html.[0K[?25l
The file will have its original line endings in your working directory.[0K
warning: LF will be replaced by CRLF in public/tags/tutorial/index.html.[0K
The file will have its original line endings in your working directory.[0K
[0K[?25h[?25l
[0;32m20176239@TUE004517 [0;35m [0;33m~/Dropbox/jobb/PhD/Projects/Personal_Puzzles/Blog/personal_website[0;36m (master)[0m[0K
$[0K[3G[?25h[?25l$ g[0K[?25hi[0K[?25lt[0K[5G[?25h[?25l$ gitr[0K[?25h[8G[7G[?25l$ git[0K[?25h[7G[?25l$ git c[0K[?25ho[0Km[0Km[0Ki[0Kt[0K[14G[?25l$ git commit -[0K[14G[?25h[15G[?25l$ git commit -m[0K[?25h[17G[?25l$ git commit -m "[0K[?25h"[0K[18G[?25l$ git commit -m "s"[0K[19G[?25h[?25l$ git commit -m ""[0K[18G[?25h[?25l$ git commit -m "A"[0K[19G[?25h[?25l$ git commit -m "Ad"[0K[20G[?25h[?25l$ git commit -m "Add"[0K[21G[?25h[?25l$ git commit -m "Adde"[0K[22G[?25h[?25l$ git commit -m "Added"[0K[23G[?25h[?25l$ git commit -m "Added "[0K[24G[?25h[?25l$ git commit -m "Added p"[0K[25G[?25h[?25l$ git commit -m "Added po"[0K[26G[?25h[?25l$ git commit -m "Added pos"[0K[27G[?25h[?25l$ git commit -m "Added post"[0K[28G[?25h[?25l$ git commit -m "Added post "[0K[29G[?25h[?25l$ git commit -m "Added post a"[0K[30G[?25h[?25l$ git commit -m "Added post ab"[0K[30G[?25h[31G[?25l$ git commit -m "Added post a"[0K[?25h[30G[?25l$ git commit -m "Added post "[0K[?25h[29G[?25l$ git commit -m "Added post"[0K[28G[?25h[?25l$ git commit -m "Added pos"[0K[27G[?25h[?25l$ git commit -m "Added po"[0K[26G[?25h[?25l$ git commit -m "Added p"[0K[?25h[25G[?25l$ git commit -m "Added "[0K[24G[?25h[?25l$ git commit -m "Added h"[0K[25G[?25h[?25l$ git commit -m "Added ho"[0K[26G[?25h[?25l$ git commit -m "Added how"[0K[27G[?25h[?25l$ git commit -m "Added how-"[0K[28G[?25h[?25l$ git commit -m "Added how-t"[0K[29G[?25h[?25l$ git commit -m "Added how-to"[0K[30G[?25h[?25l$ git commit -m "Added how-to "[0K[31G[?25h[?25l$ git commit -m "Added how-to"[0K[30G[?25h[?25l$ git commit -m "Added how-t"[0K[29G[?25h[?25l$ git commit -m "Added how-"[0K[28G[?25h[?25l$ git commit -m "Added how"[0K[27G[?25h[?25l$ git commit -m "Added ho"[0K[26G[?25h[?25l$ git commit -m "Added h"[0K[25G[?25h[24G[?25l$ git commit -m "Added "[0K[24G[?25h[?25l$ git commit -m "Added t"[0K[25G[?25h[?25l$ git commit -m "Added tu"[0K[26G[?25h[?25l$ git commit -m "Added tut"[0K[27G[?25h[?25l$ git commit -m "Added tuto"[0K[28G[?25h[?25l$ git commit -m "Added tutor"[0K[29G[?25h[?25l$ git commit -m "Added tutori"[0K[30G[?25h[?25l$ git commit -m "Added tutoria"[0K[31G[?25h[?25l$ git commit -m "Added tutorial"[0K[32G[?25h[?25l$ git commit -m "Added tutorial "[0K[33G[?25h[?25l$ git commit -m "Added tutorial"[0K[?25h[32G[?25l$ git commit -m "Added tutoria"[0K[31G[?25h[?25l$ git commit -m "Added tutori"[0K[30G[?25h[?25l$ git commit -m "Added tutor"[0K[29G[?25h[?25l$ git commit -m "Added tuto"[0K[28G[?25h[?25l$ git commit -m "Added tut"[0K[27G[?25h[?25l$ git commit -m "Added tu"[0K[?25h[26G[?25l$ git commit -m "Added t"[0K[?25h[25G[?25l$ git commit -m "Added "[0K[24G[?25h[?25l$ git commit -m "Added O"[0K[25G[?25h[?25l$ git commit -m "Added OS"[0K[26G[?25h[?25l$ git commit -m "Added OSF"[0K[27G[?25h[?25l$ git commit -m "Added OSF "[0K[28G[?25h[?25l$ git commit -m "Added OSF t"[0K[29G[?25h[?25l$ git commit -m "Added OSF tu"[0K[30G[?25h[?25l$ git commit -m "Added OSF tut"[0K[31G[?25h[?25l$ git commit -m "Added OSF tuto"[0K[32G[?25h[?25l$ git commit -m "Added OSF tutor"[0K[33G[?25h[?25l$ git commit -m "Added OSF tutori"[0K[34G[?25h[?25l$ git commit -m "Added OSF tutoria"[0K[34G[?25h[35G[?25l$ git commit -m "Added OSF tutorial"[0K[36G[?25h[?25l$ git commit -m "Added OSF tutorial "[0K[37G[?25h[?25l$ git commit -m "Added OSF tutorial p"[0K[38G[?25h[?25l$ git commit -m "Added OSF tutorial po"[0K[38G[?25h[39G[?25l$ git commit -m "Added OSF tutorial pos"[0K[40G[?25h[?25l$ git commit -m "Added OSF tutorial post"[0K[41G[?25h[?25l
[0K[?25h[master 740c3a3] Added OSF tutorial post[0K[?25l
 Committer: Isager <p.isager@tue.nl>[0K
Your name and email address were configured automatically based[0K
on your username and hostname. Please check that they are accurate.[0K
You can suppress this message by setting them explicitly. Run the[0K
following command and follow the instructions in your editor to edit[0K
your configuration file:[0K
[0K
    git config --global --edit[0K
[0K
After doing this, you may fix the identity used for this commit with:[0K
[0K
    git commit --amend --reset-author[0K
[0K
 46 files changed, 3500 insertions(+), 102 deletions(-)[0K
 rewrite .Rproj.user/F1A0FAC5/console06/INDEX001 (84%)[0K
 create mode 100644 content/post/2018-31-08-how-to-make-data-open-with-OSF.Rmd[0K
 create mode 100644 content/post/2018-31-08-how-to-make-data-open-with-OSF.html[0K
 create mode 100644 public/img/OSF_how_to/OSF_frontpage.png[0K
 create mode 100644 public/img/OSF_how_to/OSF_project_page_reference_image2.png[0K
 create mode 100644 public/img/OSF_how_to/new_project_dialogue.png[0K
 create mode 100644 public/img/headers/badge_header.png[0K
 create mode 100644 public/post/how-to-share-your-data-with-osf/index.html[0K
 create mode 100644 public/tags/gdpr/index.html[0K
 create mode 100644 public/tags/gdpr/index.xml[0K
 create mode 100644 public/tags/gdpr/page/1/index.html[0K
 create mode 100644 public/tags/licensing/index.html[0K
 create mode 100644 public/tags/licensing/index.xml[0K
 create mode 100644 public/tags/licensing/page/1/index.html[0K
 create mode 100644 public/tags/open-data/index.html[0K
 create mode 100644 public/tags/open-data/index.xml[0K
 create mode 100644 public/tags/open-data/page/1/index.html[0K
 create mode 100644 public/tags/open-science/index.html[0K
 create mode 100644 public/tags/open-science/index.xml[0K
 create mode 100644 public/tags/open-science/page/1/index.html[0K
 create mode 100644 public/tags/osf/index.html[0K
 create mode 100644 public/tags/osf/index.xml[0K
 create mode 100644 public/tags/osf/page/1/index.html[0K
 create mode 100644 public/tags/page/2/index.html[0K
 create mode 100644 public/tags/tutorial/index.html[0K
 create mode 100644 public/tags/tutorial/index.xml[0K
 create mode 100644 public/tags/tutorial/page/1/index.html[0K
 create mode 100644 static/img/OSF_how_to/OSF_frontpage.png[0K
 create mode 100644 static/img/OSF_how_to/OSF_project_page_reference_image2.png[0K
 create mode 100644 static/img/OSF_how_to/new_project_dialogue.png[0K
[0K[?25h[?25l
[0;32m20176239@TUE004517 [0;35m [0;33m~/Dropbox/jobb/PhD/Projects/Personal_Puzzles/Blog/personal_website[0;36m (master)[0m[0K
$[0K[3G[?25h[?25l$ g[0K[?25hi[0Kt[0K[7G[?25l$ git p[0K[?25hu[0K[?25ll[0K[9G[?25h[10G[?25l$ git pull[0K[?25h[12G[?25l$ git pull o[0K[?25hr[0Ki[0Kg[0K[?25li[0K[16G[?25h[17G[?25l$ git pull origin[0K[?25h[19G[?25l$ git pull origin m[0K[?25ha[0Ks[0Kt[0Ke[0Kr[0K[?25l
[0K[?25hFrom https://github.com/pederisager/personal_website[0K[?25l
 * branch            master     -> FETCH_HEAD[0K
[0K[?25hAlready up-to-date.[0K[?25l
[0K[?25h[?25l
[0;32m20176239@TUE004517 [0;35m [0;33m~/Dropbox/jobb/PhD/Projects/Personal_Puzzles/Blog/personal_website[0;36m (master)[0m[0K
$[0K[3G[?25h[?25l$ g[0K[?25hi[0Kt[0K[7G[?25l$ git p[0K[7G[?25h[8G[?25l$ git pu[0K[?25hs[0Kh[0K[?25l
[0K[?25hfatal: The current branch master has no upstream branch.[0K[?25l
To push the current branch and set the remote as upstream, use[0K
[0K
    git push --set-upstream origin master[0K
[0K
[0K[?25h[?25l
[0;32m20176239@TUE004517 [0;35m [0;33m~/Dropbox/jobb/PhD/Projects/Personal_Puzzles/Blog/personal_website[0;36m (master)[0m[0K
$[0K[3G[?25h[?25l$ git push[0K[?25h[12G[?25l$ git push o[0K[12G[?25h[13G[?25l$ git push or[0K[?25hi[0Kg[0Ki[0Kn[0Ka[0K[?25l$ git push origin[0K[?25h[19G[?25l$ git push origin m[0K[?25h[?25la[0K[20G[?25h[21G[?25l$ git push origin mas[0K[?25ht[0Ke[0Kr[0K[?25l
[0K[?25hfatal: HttpRequestException encountered.[0K[?25l
   An error occurred while sending the request.[0K
[0K[?25herror: cannot spawn rpostback-askpass: No such file or directory[0K[?25l
[0K[?25hUsername for 'https://github.com':[0K[36G[?25lUsername for 'https://github.com': p[0K[?25he[0Kd[0Ke[0Kr[0Ki[0Ks[0Ka[0Kg[0Ke[0Kr[0K[?25l
error: cannot spawn rpostback-askpass: No such file or directory[0K
[0K[?25hPassword for 'https://pederisager@github.com':[0K[48G[?25l
[0K[?25hCounting objects: 84, done.[0K[?25l
Delta compression using up to 4 threads.[0K
Compressing objects:  10% (7/67)[0K[1G[?25h[?25lCompressing objects: 100% (67/67)[0K[1G[?25hCompressing objects: 100% (67/67), done.[0K[?25l
Writing objects:  32% (27/84)[0K[1G[?25h[?25lWriting objects:  33% (28/84)[0K[1G[?25h[?25lWriting objects:  33% (28/84), 984.00 KiB | 518.00 KiB/s[0K[1G[?25h[?25lWriting objects:  36% (31/84), 984.00 KiB | 518.00 KiB/s[0K[1G[?25h[?25lWriting objects:  63% (53/84), 984.00 KiB | 518.00 KiB/s[0K[46G[?25h[?25lWriting objects: 100% (84/84), 984.00 KiB | 518.00 KiB/s[0K[1G[?25hWriting objects: 100% (84/84), 1.30 MiB | 537.00 KiB/s, done.[0K[?25l
Total 84 (delta 44), reused 0 (delta 0)[0K
[0K[?25h[?25lremote: Resolving deltas:  13% (6/44)[0K[1G[?25h[?25lremote: Resolving deltas:  29% (13/44)[0K[1G[?25hremote: Resolving deltas: 100% (44/44), completed with 26 local objects.[0K[?25l
[0K[?25hTo https://github.com/pederisager/personal_website.git[0K[?25l
   bacb2eb..740c3a3  master -> master[0K
[0K[?25h[?25l
[0;32m20176239@TUE004517 [0;35m [0;33m~/Dropbox/jobb/PhD/Projects/Personal_Puzzles/Blog/personal_website[0;36m (master)[0m[0K
$[0K[3G[?25h[0m[0K]0;[?25l
[0;32m20176239@TUE004517 [0;35m [0;33m~/Dropbox/jobb/PhD/Projects/Personal_Puzzles/Blog/personal_website[0;36m (master)[0m[0K
[?25l$ git push origin master[0K[?25h[?25l$ git commit -m "First complete commit of repo"[0K[?25h[?25l$ git status[0K[?25h[?25l
[0K[?25hOn branch master[0K[?25l
Changes not staged for commit:[0K
  (use "git add <file>..." to update what will be committed)[0K
  (use "git checkout -- <file>..." to discard changes in working directory)[0K
[0K
        [0;31mmodified:   .RData[0m[0K
        [0;31mmodified:   .Rhistory[0m[0K
        [0;31mmodified:   .Rproj.user/F1A0FAC5/console06/515F2CB3[0m[0K
        [0;31mmodified:   .Rproj.user/F1A0FAC5/console06/INDEX001[0m[0K
        [0;31mmodified:   .Rproj.user/F1A0FAC5/pcs/workbench-pane.pper[0m[0K
        [0;31mmodified:   content/post/2018-31-08-how-to-make-data-open-with-OSF.Rmd[0m[0K
        [0;31mmodified:   content/post/2018-31-08-how-to-make-data-open-with-OSF.html[0m[0K
        [0;31mmodified:   public/index.xml[0m[0K
        [0;31mmodified:   public/post/how-to-share-your-data-with-osf/index.html[0m[0K
[0K
no changes added to commit (use "git add" and/or "git commit -a")[0K
[0K[?25h[?25l
[0;32m20176239@TUE004517 [0;35m [0;33m~/Dropbox/jobb/PhD/Projects/Personal_Puzzles/Blog/personal_website[0;36m (master)[0m[0K
$[0K[3G[?25h[?25l$ git status[0K[?25h[?25l$ git push origin master[0K[?25h[?25l$ git commit -m "First complete commit of repo"[0K[?25h[?25l$ git status[0K[?25h[?25l$ git commit -m "First complete commit of repo"[0K[?25h[?25l$ git status[0K[?25h[?25l$ git statu[0K[?25h[?25l$ git stat[0K[?25h[?25l$ git sta[0K[11G[?25h[10G[?25l$ git st[0K[10G[?25h[9G[?25l$ git s[0K[?25h[?25l$ git[0K[7G[?25h[?25l$ git a[0K[?25hd[0Kd[0K[11G[?25l$ git add -[0K[11G[?25h[12G[?25l$ git add -A[0K[?25h